******************************************************************************
                  TI ARM Linker PC v20.2.7                     
******************************************************************************
>> Linked Wed Aug  9 09:33:03 2023

OUTPUT FILE NAME:   <CAN_test.out>
ENTRY POINT SYMBOL: "_c_int00_noargs"  address: 00001659


MEMORY CONFIGURATION

         name            origin    length      used     unused   attr    fill
----------------------  --------  ---------  --------  --------  ----  --------
  FLASH                 00000000   00040000  000019ab  0003e655  R  X
  SRAM                  20000000   00008000  0000046c  00007b94  RW X


SEGMENT ALLOCATION MAP

run origin  load origin   length   init length attrs members
----------  ----------- ---------- ----------- ----- -------
00000000    00000000    000019b4   000019b4    r-x
  00000000    00000000    0000026c   0000026c    r-- .intvecs
  0000026c    0000026c    0000158e   0000158e    r-x .text
  000017fc    000017fc    0000019d   0000019d    r-- .const
  000019a0    000019a0    00000014   00000014    r-- .cinit
20000000    20000000    00000470   00000000    rw-
  20000000    20000000    0000026c   00000000    rw- .vtable
  20000270    20000270    00000200   00000000    rw- .stack


SECTION ALLOCATION MAP

 output                                  attributes/
section   page    origin      length       input sections
--------  ----  ----------  ----------   ----------------
.intvecs   0    00000000    0000026c     
                  00000000    0000026c     tm4c123gh6pm_startup_ccs.obj (.intvecs)

.text      0    0000026c    0000158e     
                  0000026c    00000a86     xensiv_pasco2.obj (.text)
                  00000cf2    00000002     --HOLE-- [fill = 0]
                  00000cf4    0000020c     main.obj (.text)
                  00000f00    000001f6     xensiv_pasco2_platform.obj (.text)
                  000010f6    00000002     --HOLE-- [fill = 0]
                  000010f8    0000016c     driverlib.lib : gpio.obj (.text:GPIOPadConfigSet)
                  00001264    00000118                   : sysctl.obj (.text:SysCtlClockGet)
                  0000137c    000000f4                   : sysctl.obj (.text:SysCtlClockSet)
                  00001470    00000068                   : interrupt.obj (.text:IntEnable)
                  000014d8    0000004c                   : gpio.obj (.text:GPIOPinConfigure)
                  00001524    00000046                   : uart.obj (.text:UARTConfigSetExpClk)
                  0000156a    00000002     --HOLE-- [fill = 0]
                  0000156c    00000044     rtsv7M4_T_le_v4SPD16_eabi.lib : autoinit.c.obj (.text:__TI_auto_init_nobinit_nopinit:__TI_auto_init_nobinit_nopinit)
                  000015b0    00000040     driverlib.lib : uart.obj (.text:_UARTIntNumberGet)
                  000015f0    00000034                   : interrupt.obj (.text:IntRegister)
                  00001624    00000034                   : sysctl.obj (.text:SysCtlPeripheralEnable)
                  00001658    00000034     rtsv7M4_T_le_v4SPD16_eabi.lib : boot_cortex_m.c.obj (.text:_c_int00_noargs:_c_int00_noargs)
                  0000168c    0000002c     driverlib.lib : gpio.obj (.text:GPIODirModeSet)
                  000016b8    00000020                   : uart.obj (.text:UARTDisable)
                  000016d8    0000001c     rtsv7M4_T_le_v4SPD16_eabi.lib : copy_zero_init.c.obj (.text:decompress:ZI:__TI_zero_init_nomemset:__TI_zero_init_nomemset)
                  000016f4    0000001a     driverlib.lib : gpio.obj (.text:GPIOPinTypeGPIOOutput)
                  0000170e    00000018                   : uart.obj (.text:UARTIntRegister)
                  00001726    00000016                   : gpio.obj (.text:GPIOPinTypeUART)
                  0000173c    00000014                   : uart.obj (.text:UARTEnable)
                  00001750    00000010                   : interrupt.obj (.text:IntMasterEnable)
                  00001760    0000000e                   : uart.obj (.text:UARTCharGetNonBlocking)
                  0000176e    0000000e                   : uart.obj (.text:UARTCharPutNonBlocking)
                  0000177c    0000000e                   : uart.obj (.text:UARTCharsAvail)
                  0000178a    0000000e                   : uart.obj (.text:UARTSpaceAvail)
                  00001798    0000000c                   : cpu.obj (.text:CPUcpsie)
                  000017a4    0000000c     tm4c123gh6pm_startup_ccs.obj (.text)
                  000017b0    0000000a     driverlib.lib : uart.obj (.text:UARTCharPut)
                  000017ba    0000000a                   : uart.obj (.text:UARTIntStatus)
                  000017c4    00000008                   : i2c.obj (.text:I2CMasterBusy)
                  000017cc    00000008                   : i2c.obj (.text:I2CMasterSlaveAddrSet)
                  000017d4    00000008                   : uart.obj (.text:UARTIntEnable)
                  000017dc    00000006                   : sysctl.obj (.text:SysCtlDelay)
                  000017e2    00000004                   : i2c.obj (.text:I2CMasterControl)
                  000017e6    00000004                   : i2c.obj (.text:I2CMasterDataGet)
                  000017ea    00000004                   : i2c.obj (.text:I2CMasterDataPut)
                  000017ee    00000004                   : uart.obj (.text:UARTIntClear)
                  000017f2    00000004     rtsv7M4_T_le_v4SPD16_eabi.lib : pre_init.c.obj (.text:_system_pre_init)
                  000017f6    00000004                                   : exit.c.obj (.text:abort:abort)

.const     0    000017fc    0000019d     
                  000017fc    00000090     driverlib.lib : gpio.obj (.const:g_pui32GPIOBaseAddrs)
                  0000188c    0000006c                   : sysctl.obj (.const:g_pui32Xtals)
                  000018f8    00000040                   : uart.obj (.const:g_ppui32UARTIntMap)
                  00001938    00000040                   : uart.obj (.const:g_ppui32UARTIntMapSnowflake)
                  00001978    00000014                   : interrupt.obj (.const:g_pui32EnRegs)
                  0000198c    00000008     xensiv_pasco2.obj (.const:.string:$P$T1$2)
                  00001994    00000005     xensiv_pasco2.obj (.const:.string:$P$T0$1)

.cinit     0    000019a0    00000014     
                  000019a0    00000008     (.cinit..vtable.load) [load image, compression = zero_init]
                  000019a8    00000004     (__TI_handler_table)
                  000019ac    00000008     (__TI_cinit_table)

.init_array 
*          0    00000000    00000000     UNINITIALIZED

.vtable    0    20000000    0000026c     UNINITIALIZED
                  20000000    0000026c     driverlib.lib : interrupt.obj (.vtable)

.stack     0    20000270    00000200     UNINITIALIZED
                  20000270    00000004     rtsv7M4_T_le_v4SPD16_eabi.lib : boot_cortex_m.c.obj (.stack)
                  20000274    000001fc     --HOLE--

__llvm_prf_cnts 
*          0    20000000    00000000     UNINITIALIZED

MODULE SUMMARY

       Module                         code   ro data   rw data
       ------                         ----   -------   -------
    .\
       tm4c123gh6pm_startup_ccs.obj   12     620       0      
       main.obj                       524    0         0      
    +--+------------------------------+------+---------+---------+
       Total:                         536    620       0      
                                                              
    .\drivers\
       xensiv_pasco2.obj              2694   13        0      
       xensiv_pasco2_platform.obj     502    0         0      
    +--+------------------------------+------+---------+---------+
       Total:                         3196   13        0      
                                                              
    ../driverlib.lib
       interrupt.obj                  172    20        620    
       sysctl.obj                     582    108       0      
       gpio.obj                       532    144       0      
       uart.obj                       298    128       0      
       i2c.obj                        28     0         0      
       cpu.obj                        12     0         0      
    +--+------------------------------+------+---------+---------+
       Total:                         1624   400       620    
                                                              
    E:\NAMHOC\Nam_BK\laptrinhnhung\Tool\ccs\tools\compiler\ti-cgt-arm_20.2.7.LTS\lib\rtsv7M4_T_le_v4SPD16_eabi.lib
       autoinit.c.obj                 68     0         0      
       boot_cortex_m.c.obj            52     0         0      
       copy_zero_init.c.obj           28     0         0      
       exit.c.obj                     4      0         0      
       pre_init.c.obj                 4      0         0      
    +--+------------------------------+------+---------+---------+
       Total:                         156    0         0      
                                                              
       Stack:                         0      0         512    
       Linker Generated:              0      20        0      
    +--+------------------------------+------+---------+---------+
       Grand Total:                   5512   1053      1132   


LINKER GENERATED COPY TABLES

__TI_cinit_table @ 000019ac records: 1, size/record: 8, table size: 8
	.vtable: load addr=000019a0, load size=00000008 bytes, run addr=20000000, run size=0000026c bytes, compression=zero_init


LINKER GENERATED HANDLER TABLE

__TI_handler_table @ 000019a8 records: 1, size/record: 4, table size: 4
	index: 0, handler: __TI_zero_init


GLOBAL SYMBOLS: SORTED ALPHABETICALLY BY Name 

address   name                                     
-------   ----                                     
000017f7  C$$EXIT                                  
00001799  CPUcpsie                                 
0000168d  GPIODirModeSet                           
000010f9  GPIOPadConfigSet                         
000014d9  GPIOPinConfigure                         
000016f5  GPIOPinTypeGPIOOutput                    
00001727  GPIOPinTypeUART                          
000017c5  I2CMasterBusy                            
000017e3  I2CMasterControl                         
000017e7  I2CMasterDataGet                         
000017eb  I2CMasterDataPut                         
000017cd  I2CMasterSlaveAddrSet                    
00001471  IntEnable                                
00001751  IntMasterEnable                          
000015f1  IntRegister                              
000017a5  ResetISR                                 
00001265  SysCtlClockGet                           
0000137d  SysCtlClockSet                           
000017dd  SysCtlDelay                              
00001625  SysCtlPeripheralEnable                   
00001761  UARTCharGetNonBlocking                   
000017b1  UARTCharPut                              
0000176f  UARTCharPutNonBlocking                   
0000177d  UARTCharsAvail                           
00001525  UARTConfigSetExpClk                      
000016b9  UARTDisable                              
0000173d  UARTEnable                               
000017ef  UARTIntClear                             
000017d5  UARTIntEnable                            
00000cf5  UARTIntHandler                           
0000170f  UARTIntRegister                          
000017bb  UARTIntStatus                            
0000178b  UARTSpaceAvail                           
20000470  __STACK_END                              
00000200  __STACK_SIZE                             
20000470  __STACK_TOP                              
000019ac  __TI_CINIT_Base                          
000019b4  __TI_CINIT_Limit                         
000019a8  __TI_Handler_Table_Base                  
000019ac  __TI_Handler_Table_Limit                 
0000156d  __TI_auto_init_nobinit_nopinit           
ffffffff  __TI_pprof_out_hndl                      
ffffffff  __TI_prof_data_size                      
ffffffff  __TI_prof_data_start                     
00000000  __TI_static_base__                       
000016d9  __TI_zero_init_nomemset                  
ffffffff  __binit__                                
ffffffff  __c_args__                               
UNDEFED   __mpu_init                               
20000270  __stack                                  
20000000  __start___llvm_prf_cnts                  
20000000  __stop___llvm_prf_cnts                   
00001659  _c_int00_noargs                          
UNDEFED   _system_post_cinit                       
000017f3  _system_pre_init                         
000017f7  abort                                    
ffffffff  binit                                    
20000000  g_pfnRAMVectors                          
00000000  g_pfnVectors                             
00000d13  main                                     
000009dd  xensiv_pasco2_clear_measurement_status   
00000839  xensiv_pasco2_clear_status               
00000ad7  xensiv_pasco2_cmd                        
000007e1  xensiv_pasco2_get_id                     
0000085b  xensiv_pasco2_get_interrupt_config       
000008a7  xensiv_pasco2_get_measurement_config     
000009ad  xensiv_pasco2_get_measurement_status     
00000795  xensiv_pasco2_get_reg                    
000008f3  xensiv_pasco2_get_result                 
00000aab  xensiv_pasco2_get_scratch_pad            
0000080d  xensiv_pasco2_get_status                 
000006d7  xensiv_pasco2_init_i2c                   
00000715  xensiv_pasco2_init_uart                  
00000c1d  xensiv_pasco2_perform_forced_compensation
000010ed  xensiv_pasco2_plat_assert                
000010a9  xensiv_pasco2_plat_delay                 
000010c9  xensiv_pasco2_plat_htons                 
00000f01  xensiv_pasco2_plat_i2c_transfer          
00001001  xensiv_pasco2_plat_uart_read             
0000105f  xensiv_pasco2_plat_uart_write            
000009ff  xensiv_pasco2_set_alarm_threshold        
00000887  xensiv_pasco2_set_interrupt_config       
000008d3  xensiv_pasco2_set_measurement_config     
0000095d  xensiv_pasco2_set_measurement_rate       
00000a5b  xensiv_pasco2_set_offset_compensation    
00000a2d  xensiv_pasco2_set_pressure_compensation  
0000074d  xensiv_pasco2_set_reg                    
00000a89  xensiv_pasco2_set_scratch_pad            
00000b69  xensiv_pasco2_start_continuous_mode      
00000af9  xensiv_pasco2_start_single_mode          


GLOBAL SYMBOLS: SORTED BY Symbol Address 

address   name                                     
-------   ----                                     
00000000  __TI_static_base__                       
00000000  g_pfnVectors                             
00000200  __STACK_SIZE                             
000006d7  xensiv_pasco2_init_i2c                   
00000715  xensiv_pasco2_init_uart                  
0000074d  xensiv_pasco2_set_reg                    
00000795  xensiv_pasco2_get_reg                    
000007e1  xensiv_pasco2_get_id                     
0000080d  xensiv_pasco2_get_status                 
00000839  xensiv_pasco2_clear_status               
0000085b  xensiv_pasco2_get_interrupt_config       
00000887  xensiv_pasco2_set_interrupt_config       
000008a7  xensiv_pasco2_get_measurement_config     
000008d3  xensiv_pasco2_set_measurement_config     
000008f3  xensiv_pasco2_get_result                 
0000095d  xensiv_pasco2_set_measurement_rate       
000009ad  xensiv_pasco2_get_measurement_status     
000009dd  xensiv_pasco2_clear_measurement_status   
000009ff  xensiv_pasco2_set_alarm_threshold        
00000a2d  xensiv_pasco2_set_pressure_compensation  
00000a5b  xensiv_pasco2_set_offset_compensation    
00000a89  xensiv_pasco2_set_scratch_pad            
00000aab  xensiv_pasco2_get_scratch_pad            
00000ad7  xensiv_pasco2_cmd                        
00000af9  xensiv_pasco2_start_single_mode          
00000b69  xensiv_pasco2_start_continuous_mode      
00000c1d  xensiv_pasco2_perform_forced_compensation
00000cf5  UARTIntHandler                           
00000d13  main                                     
00000f01  xensiv_pasco2_plat_i2c_transfer          
00001001  xensiv_pasco2_plat_uart_read             
0000105f  xensiv_pasco2_plat_uart_write            
000010a9  xensiv_pasco2_plat_delay                 
000010c9  xensiv_pasco2_plat_htons                 
000010ed  xensiv_pasco2_plat_assert                
000010f9  GPIOPadConfigSet                         
00001265  SysCtlClockGet                           
0000137d  SysCtlClockSet                           
00001471  IntEnable                                
000014d9  GPIOPinConfigure                         
00001525  UARTConfigSetExpClk                      
0000156d  __TI_auto_init_nobinit_nopinit           
000015f1  IntRegister                              
00001625  SysCtlPeripheralEnable                   
00001659  _c_int00_noargs                          
0000168d  GPIODirModeSet                           
000016b9  UARTDisable                              
000016d9  __TI_zero_init_nomemset                  
000016f5  GPIOPinTypeGPIOOutput                    
0000170f  UARTIntRegister                          
00001727  GPIOPinTypeUART                          
0000173d  UARTEnable                               
00001751  IntMasterEnable                          
00001761  UARTCharGetNonBlocking                   
0000176f  UARTCharPutNonBlocking                   
0000177d  UARTCharsAvail                           
0000178b  UARTSpaceAvail                           
00001799  CPUcpsie                                 
000017a5  ResetISR                                 
000017b1  UARTCharPut                              
000017bb  UARTIntStatus                            
000017c5  I2CMasterBusy                            
000017cd  I2CMasterSlaveAddrSet                    
000017d5  UARTIntEnable                            
000017dd  SysCtlDelay                              
000017e3  I2CMasterControl                         
000017e7  I2CMasterDataGet                         
000017eb  I2CMasterDataPut                         
000017ef  UARTIntClear                             
000017f3  _system_pre_init                         
000017f7  C$$EXIT                                  
000017f7  abort                                    
000019a8  __TI_Handler_Table_Base                  
000019ac  __TI_CINIT_Base                          
000019ac  __TI_Handler_Table_Limit                 
000019b4  __TI_CINIT_Limit                         
20000000  __start___llvm_prf_cnts                  
20000000  __stop___llvm_prf_cnts                   
20000000  g_pfnRAMVectors                          
20000270  __stack                                  
20000470  __STACK_END                              
20000470  __STACK_TOP                              
ffffffff  __TI_pprof_out_hndl                      
ffffffff  __TI_prof_data_size                      
ffffffff  __TI_prof_data_start                     
ffffffff  __binit__                                
ffffffff  __c_args__                               
ffffffff  binit                                    
UNDEFED   __mpu_init                               
UNDEFED   _system_post_cinit                       

[90 symbols]
