******************************************************************************
                  TI ARM Linker PC v20.2.7                     
******************************************************************************
>> Linked Wed Aug  9 09:33:07 2023

OUTPUT FILE NAME:   <CAN_test.out>
ENTRY POINT SYMBOL: "_c_int00_noargs"  address: 00001701


MEMORY CONFIGURATION

         name            origin    length      used     unused   attr    fill
----------------------  --------  ---------  --------  --------  ----  --------
  FLASH                 00000000   00040000  00001a55  0003e5ab  R  X
  SRAM                  20000000   00008000  0000046c  00007b94  RW X


SEGMENT ALLOCATION MAP

run origin  load origin   length   init length attrs members
----------  ----------- ---------- ----------- ----- -------
00000000    00000000    00001a5c   00001a5c    r-x
  00000000    00000000    0000026c   0000026c    r-- .intvecs
  00000270    00000270    00001638   00001638    r-x .text
  000018a8    000018a8    0000019d   0000019d    r-- .const
  00001a48    00001a48    00000014   00000014    r-- .cinit
20000000    20000000    00000470   00000000    rw-
  20000000    20000000    0000026c   00000000    rw- .vtable
  20000270    20000270    00000200   00000000    rw- .stack


SECTION ALLOCATION MAP

 output                                  attributes/
section   page    origin      length       input sections
--------  ----  ----------  ----------   ----------------
.intvecs   0    00000000    0000026c     
                  00000000    0000026c     tm4c123gh6pm_startup_ccs.obj (.intvecs)

.text      0    00000270    00001638     
                  00000270    00000afa     xensiv_pasco2.obj (.text)
                  00000d6a    00000006     driverlib.lib : sysctl.obj (.text:SysCtlDelay)
                  00000d70    0000021a     xensiv_pasco2_platform.obj (.text)
                  00000f8a    00000004     driverlib.lib : i2c.obj (.text:I2CMasterControl)
                  00000f8e    00000002     --HOLE-- [fill = 0]
                  00000f90    00000210     main.obj (.text)
                  000011a0    0000016c     driverlib.lib : gpio.obj (.text:GPIOPadConfigSet)
                  0000130c    00000118                   : sysctl.obj (.text:SysCtlClockGet)
                  00001424    000000f4                   : sysctl.obj (.text:SysCtlClockSet)
                  00001518    00000068                   : interrupt.obj (.text:IntEnable)
                  00001580    0000004c                   : gpio.obj (.text:GPIOPinConfigure)
                  000015cc    00000046                   : uart.obj (.text:UARTConfigSetExpClk)
                  00001612    00000002     --HOLE-- [fill = 0]
                  00001614    00000044     rtsv7M4_T_le_v4SPD16_eabi.lib : autoinit.c.obj (.text:__TI_auto_init_nobinit_nopinit:__TI_auto_init_nobinit_nopinit)
                  00001658    00000040     driverlib.lib : uart.obj (.text:_UARTIntNumberGet)
                  00001698    00000034                   : interrupt.obj (.text:IntRegister)
                  000016cc    00000034                   : sysctl.obj (.text:SysCtlPeripheralEnable)
                  00001700    00000034     rtsv7M4_T_le_v4SPD16_eabi.lib : boot_cortex_m.c.obj (.text:_c_int00_noargs:_c_int00_noargs)
                  00001734    0000002c     driverlib.lib : gpio.obj (.text:GPIODirModeSet)
                  00001760    00000020                   : uart.obj (.text:UARTDisable)
                  00001780    0000001c     rtsv7M4_T_le_v4SPD16_eabi.lib : copy_zero_init.c.obj (.text:decompress:ZI:__TI_zero_init_nomemset:__TI_zero_init_nomemset)
                  0000179c    0000001a     driverlib.lib : gpio.obj (.text:GPIOPinTypeGPIOOutput)
                  000017b6    00000002     --HOLE-- [fill = 0]
                  000017b8    0000001a     tm4c123gh6pm_startup_ccs.obj (.text)
                  000017d2    00000018     driverlib.lib : uart.obj (.text:UARTIntRegister)
                  000017ea    00000016                   : gpio.obj (.text:GPIOPinTypeUART)
                  00001800    00000014                   : uart.obj (.text:UARTEnable)
                  00001814    00000010                   : interrupt.obj (.text:IntMasterEnable)
                  00001824    0000000e                   : uart.obj (.text:UARTCharGetNonBlocking)
                  00001832    0000000e                   : uart.obj (.text:UARTCharPutNonBlocking)
                  00001840    0000000e                   : uart.obj (.text:UARTCharsAvail)
                  0000184e    0000000e                   : uart.obj (.text:UARTSpaceAvail)
                  0000185c    0000000c                   : cpu.obj (.text:CPUcpsie)
                  00001868    0000000a                   : uart.obj (.text:UARTCharPut)
                  00001872    0000000a                   : uart.obj (.text:UARTIntStatus)
                  0000187c    00000008                   : i2c.obj (.text:I2CMasterBusy)
                  00001884    00000008                   : i2c.obj (.text:I2CMasterSlaveAddrSet)
                  0000188c    00000008                   : uart.obj (.text:UARTIntEnable)
                  00001894    00000004                   : i2c.obj (.text:I2CMasterDataGet)
                  00001898    00000004                   : i2c.obj (.text:I2CMasterDataPut)
                  0000189c    00000004                   : uart.obj (.text:UARTIntClear)
                  000018a0    00000004     rtsv7M4_T_le_v4SPD16_eabi.lib : pre_init.c.obj (.text:_system_pre_init)
                  000018a4    00000004                                   : exit.c.obj (.text:abort:abort)

.const     0    000018a8    0000019d     
                  000018a8    00000090     driverlib.lib : gpio.obj (.const:g_pui32GPIOBaseAddrs)
                  00001938    0000006c                   : sysctl.obj (.const:g_pui32Xtals)
                  000019a4    00000040                   : uart.obj (.const:g_ppui32UARTIntMap)
                  000019e4    00000040                   : uart.obj (.const:g_ppui32UARTIntMapSnowflake)
                  00001a24    00000014                   : interrupt.obj (.const:g_pui32EnRegs)
                  00001a38    00000008     xensiv_pasco2.obj (.const:.string:$P$T1$2)
                  00001a40    00000005     xensiv_pasco2.obj (.const:.string:$P$T0$1)

.cinit     0    00001a48    00000014     
                  00001a48    00000008     (.cinit..vtable.load) [load image, compression = zero_init]
                  00001a50    00000004     (__TI_handler_table)
                  00001a54    00000008     (__TI_cinit_table)

.init_array 
*          0    00000000    00000000     UNINITIALIZED

.vtable    0    20000000    0000026c     UNINITIALIZED
                  20000000    0000026c     driverlib.lib : interrupt.obj (.vtable)

.stack     0    20000270    00000200     UNINITIALIZED
                  20000270    00000004     rtsv7M4_T_le_v4SPD16_eabi.lib : boot_cortex_m.c.obj (.stack)
                  20000274    000001fc     --HOLE--

__llvm_prf_cnts 
*          0    20000000    00000000     UNINITIALIZED

MODULE SUMMARY

       Module                         code   ro data   rw data
       ------                         ----   -------   -------
    .\
       tm4c123gh6pm_startup_ccs.obj   26     620       0      
       main.obj                       528    0         0      
    +--+------------------------------+------+---------+---------+
       Total:                         554    620       0      
                                                              
    .\drivers\
       xensiv_pasco2.obj              2810   13        0      
       xensiv_pasco2_platform.obj     538    0         0      
    +--+------------------------------+------+---------+---------+
       Total:                         3348   13        0      
                                                              
    ../driverlib.lib
       interrupt.obj                  172    20        620    
       sysctl.obj                     582    108       0      
       gpio.obj                       532    144       0      
       uart.obj                       298    128       0      
       i2c.obj                        28     0         0      
       cpu.obj                        12     0         0      
    +--+------------------------------+------+---------+---------+
       Total:                         1624   400       620    
                                                              
    E:\NAMHOC\Nam_BK\laptrinhnhung\Tool\ccs\tools\compiler\ti-cgt-arm_20.2.7.LTS\lib\rtsv7M4_T_le_v4SPD16_eabi.lib
       autoinit.c.obj                 68     0         0      
       boot_cortex_m.c.obj            52     0         0      
       copy_zero_init.c.obj           28     0         0      
       exit.c.obj                     4      0         0      
       pre_init.c.obj                 4      0         0      
    +--+------------------------------+------+---------+---------+
       Total:                         156    0         0      
                                                              
       Stack:                         0      0         512    
       Linker Generated:              0      20        0      
    +--+------------------------------+------+---------+---------+
       Grand Total:                   5682   1053      1132   


LINKER GENERATED COPY TABLES

__TI_cinit_table @ 00001a54 records: 1, size/record: 8, table size: 8
	.vtable: load addr=00001a48, load size=00000008 bytes, run addr=20000000, run size=0000026c bytes, compression=zero_init


LINKER GENERATED HANDLER TABLE

__TI_handler_table @ 00001a50 records: 1, size/record: 4, table size: 4
	index: 0, handler: __TI_zero_init


GLOBAL SYMBOLS: SORTED ALPHABETICALLY BY Name 

address   name                                     
-------   ----                                     
000018a5  C$$EXIT                                  
0000185d  CPUcpsie                                 
00001735  GPIODirModeSet                           
000011a1  GPIOPadConfigSet                         
00001581  GPIOPinConfigure                         
0000179d  GPIOPinTypeGPIOOutput                    
000017eb  GPIOPinTypeUART                          
0000187d  I2CMasterBusy                            
00000f8b  I2CMasterControl                         
00001895  I2CMasterDataGet                         
00001899  I2CMasterDataPut                         
00001885  I2CMasterSlaveAddrSet                    
00001519  IntEnable                                
00001815  IntMasterEnable                          
00001699  IntRegister                              
000017b9  ResetISR                                 
0000130d  SysCtlClockGet                           
00001425  SysCtlClockSet                           
00000d6b  SysCtlDelay                              
000016cd  SysCtlPeripheralEnable                   
00001825  UARTCharGetNonBlocking                   
00001869  UARTCharPut                              
00001833  UARTCharPutNonBlocking                   
00001841  UARTCharsAvail                           
000015cd  UARTConfigSetExpClk                      
00001761  UARTDisable                              
00001801  UARTEnable                               
0000189d  UARTIntClear                             
0000188d  UARTIntEnable                            
00000f91  UARTIntHandler                           
000017d3  UARTIntRegister                          
00001873  UARTIntStatus                            
0000184f  UARTSpaceAvail                           
20000470  __STACK_END                              
00000200  __STACK_SIZE                             
20000470  __STACK_TOP                              
00001a54  __TI_CINIT_Base                          
00001a5c  __TI_CINIT_Limit                         
00001a50  __TI_Handler_Table_Base                  
00001a54  __TI_Handler_Table_Limit                 
00001615  __TI_auto_init_nobinit_nopinit           
ffffffff  __TI_pprof_out_hndl                      
ffffffff  __TI_prof_data_size                      
ffffffff  __TI_prof_data_start                     
00000000  __TI_static_base__                       
00001781  __TI_zero_init_nomemset                  
ffffffff  __binit__                                
ffffffff  __c_args__                               
UNDEFED   __mpu_init                               
20000270  __stack                                  
20000000  __start___llvm_prf_cnts                  
20000000  __stop___llvm_prf_cnts                   
00001701  _c_int00_noargs                          
UNDEFED   _system_post_cinit                       
000018a1  _system_pre_init                         
000018a5  abort                                    
ffffffff  binit                                    
20000000  g_pfnRAMVectors                          
00000000  g_pfnVectors                             
00000fb1  main                                     
00000a31  xensiv_pasco2_clear_measurement_status   
00000879  xensiv_pasco2_clear_status               
00000b41  xensiv_pasco2_cmd                        
00000819  xensiv_pasco2_get_id                     
000008a1  xensiv_pasco2_get_interrupt_config       
000008f1  xensiv_pasco2_get_measurement_config     
00000a01  xensiv_pasco2_get_measurement_status     
000007d1  xensiv_pasco2_get_reg                    
00000941  xensiv_pasco2_get_result                 
00000b11  xensiv_pasco2_get_scratch_pad            
00000849  xensiv_pasco2_get_status                 
00000711  xensiv_pasco2_init_i2c                   
00000749  xensiv_pasco2_init_uart                  
00000c91  xensiv_pasco2_perform_forced_compensation
00000f81  xensiv_pasco2_plat_assert                
00000f39  xensiv_pasco2_plat_delay                 
00000f59  xensiv_pasco2_plat_htons                 
00000d71  xensiv_pasco2_plat_i2c_transfer          
00000e89  xensiv_pasco2_plat_uart_read             
00000ee9  xensiv_pasco2_plat_uart_write            
00000a59  xensiv_pasco2_set_alarm_threshold        
000008d1  xensiv_pasco2_set_interrupt_config       
00000921  xensiv_pasco2_set_measurement_config     
000009a9  xensiv_pasco2_set_measurement_rate       
00000ab9  xensiv_pasco2_set_offset_compensation    
00000a89  xensiv_pasco2_set_pressure_compensation  
00000781  xensiv_pasco2_set_reg                    
00000ae9  xensiv_pasco2_set_scratch_pad            
00000bd9  xensiv_pasco2_start_continuous_mode      
00000b69  xensiv_pasco2_start_single_mode          


GLOBAL SYMBOLS: SORTED BY Symbol Address 

address   name                                     
-------   ----                                     
00000000  __TI_static_base__                       
00000000  g_pfnVectors                             
00000200  __STACK_SIZE                             
00000711  xensiv_pasco2_init_i2c                   
00000749  xensiv_pasco2_init_uart                  
00000781  xensiv_pasco2_set_reg                    
000007d1  xensiv_pasco2_get_reg                    
00000819  xensiv_pasco2_get_id                     
00000849  xensiv_pasco2_get_status                 
00000879  xensiv_pasco2_clear_status               
000008a1  xensiv_pasco2_get_interrupt_config       
000008d1  xensiv_pasco2_set_interrupt_config       
000008f1  xensiv_pasco2_get_measurement_config     
00000921  xensiv_pasco2_set_measurement_config     
00000941  xensiv_pasco2_get_result                 
000009a9  xensiv_pasco2_set_measurement_rate       
00000a01  xensiv_pasco2_get_measurement_status     
00000a31  xensiv_pasco2_clear_measurement_status   
00000a59  xensiv_pasco2_set_alarm_threshold        
00000a89  xensiv_pasco2_set_pressure_compensation  
00000ab9  xensiv_pasco2_set_offset_compensation    
00000ae9  xensiv_pasco2_set_scratch_pad            
00000b11  xensiv_pasco2_get_scratch_pad            
00000b41  xensiv_pasco2_cmd                        
00000b69  xensiv_pasco2_start_single_mode          
00000bd9  xensiv_pasco2_start_continuous_mode      
00000c91  xensiv_pasco2_perform_forced_compensation
00000d6b  SysCtlDelay                              
00000d71  xensiv_pasco2_plat_i2c_transfer          
00000e89  xensiv_pasco2_plat_uart_read             
00000ee9  xensiv_pasco2_plat_uart_write            
00000f39  xensiv_pasco2_plat_delay                 
00000f59  xensiv_pasco2_plat_htons                 
00000f81  xensiv_pasco2_plat_assert                
00000f8b  I2CMasterControl                         
00000f91  UARTIntHandler                           
00000fb1  main                                     
000011a1  GPIOPadConfigSet                         
0000130d  SysCtlClockGet                           
00001425  SysCtlClockSet                           
00001519  IntEnable                                
00001581  GPIOPinConfigure                         
000015cd  UARTConfigSetExpClk                      
00001615  __TI_auto_init_nobinit_nopinit           
00001699  IntRegister                              
000016cd  SysCtlPeripheralEnable                   
00001701  _c_int00_noargs                          
00001735  GPIODirModeSet                           
00001761  UARTDisable                              
00001781  __TI_zero_init_nomemset                  
0000179d  GPIOPinTypeGPIOOutput                    
000017b9  ResetISR                                 
000017d3  UARTIntRegister                          
000017eb  GPIOPinTypeUART                          
00001801  UARTEnable                               
00001815  IntMasterEnable                          
00001825  UARTCharGetNonBlocking                   
00001833  UARTCharPutNonBlocking                   
00001841  UARTCharsAvail                           
0000184f  UARTSpaceAvail                           
0000185d  CPUcpsie                                 
00001869  UARTCharPut                              
00001873  UARTIntStatus                            
0000187d  I2CMasterBusy                            
00001885  I2CMasterSlaveAddrSet                    
0000188d  UARTIntEnable                            
00001895  I2CMasterDataGet                         
00001899  I2CMasterDataPut                         
0000189d  UARTIntClear                             
000018a1  _system_pre_init                         
000018a5  C$$EXIT                                  
000018a5  abort                                    
00001a50  __TI_Handler_Table_Base                  
00001a54  __TI_CINIT_Base                          
00001a54  __TI_Handler_Table_Limit                 
00001a5c  __TI_CINIT_Limit                         
20000000  __start___llvm_prf_cnts                  
20000000  __stop___llvm_prf_cnts                   
20000000  g_pfnRAMVectors                          
20000270  __stack                                  
20000470  __STACK_END                              
20000470  __STACK_TOP                              
ffffffff  __TI_pprof_out_hndl                      
ffffffff  __TI_prof_data_size                      
ffffffff  __TI_prof_data_start                     
ffffffff  __binit__                                
ffffffff  __c_args__                               
ffffffff  binit                                    
UNDEFED   __mpu_init                               
UNDEFED   _system_post_cinit                       

[90 symbols]
