<?xml version="1.0" encoding="ISO-8859-1" ?>
<link_info>
   <banner>TI ARM Linker PC v20.2.7.LTS</banner>
   <copyright>Copyright (c) 1996-2018 Texas Instruments Incorporated</copyright>
   <link_time>0x65a64c09</link_time>
   <link_errors>0x0</link_errors>
   <output_file>CAN_test.out</output_file>
   <entry_point>
      <name>_c_int00_noargs</name>
      <address>0x3a99</address>
   </entry_point>
   <input_file_list>
      <input_file id="fl-2">
         <path>.\</path>
         <kind>object</kind>
         <file>can.obj</file>
         <name>can.obj</name>
      </input_file>
      <input_file id="fl-3">
         <path>.\</path>
         <kind>object</kind>
         <file>main.obj</file>
         <name>main.obj</name>
      </input_file>
      <input_file id="fl-4">
         <path>.\</path>
         <kind>object</kind>
         <file>tm4c123gh6pm_startup_ccs.obj</file>
         <name>tm4c123gh6pm_startup_ccs.obj</name>
      </input_file>
      <input_file id="fl-5">
         <path>.\</path>
         <kind>object</kind>
         <file>uartstdio.obj</file>
         <name>uartstdio.obj</name>
      </input_file>
      <input_file id="fl-6">
         <path>.\FreeRTOS\</path>
         <kind>object</kind>
         <file>croutine.obj</file>
         <name>croutine.obj</name>
      </input_file>
      <input_file id="fl-7">
         <path>.\FreeRTOS\</path>
         <kind>object</kind>
         <file>event_groups.obj</file>
         <name>event_groups.obj</name>
      </input_file>
      <input_file id="fl-8">
         <path>.\FreeRTOS\</path>
         <kind>object</kind>
         <file>heap_2.obj</file>
         <name>heap_2.obj</name>
      </input_file>
      <input_file id="fl-9">
         <path>.\FreeRTOS\</path>
         <kind>object</kind>
         <file>list.obj</file>
         <name>list.obj</name>
      </input_file>
      <input_file id="fl-a">
         <path>.\FreeRTOS\</path>
         <kind>object</kind>
         <file>port.obj</file>
         <name>port.obj</name>
      </input_file>
      <input_file id="fl-b">
         <path>.\FreeRTOS\</path>
         <kind>object</kind>
         <file>portasm.obj</file>
         <name>portasm.obj</name>
      </input_file>
      <input_file id="fl-c">
         <path>.\FreeRTOS\</path>
         <kind>object</kind>
         <file>queue.obj</file>
         <name>queue.obj</name>
      </input_file>
      <input_file id="fl-d">
         <path>.\FreeRTOS\</path>
         <kind>object</kind>
         <file>stream_buffer.obj</file>
         <name>stream_buffer.obj</name>
      </input_file>
      <input_file id="fl-e">
         <path>.\FreeRTOS\</path>
         <kind>object</kind>
         <file>tasks.obj</file>
         <name>tasks.obj</name>
      </input_file>
      <input_file id="fl-f">
         <path>.\FreeRTOS\</path>
         <kind>object</kind>
         <file>timers.obj</file>
         <name>timers.obj</name>
      </input_file>
      <input_file id="fl-10">
         <path>.\SSDD1306\</path>
         <kind>object</kind>
         <file>OLED_LCD_SSD1306.obj</file>
         <name>OLED_LCD_SSD1306.obj</name>
      </input_file>
      <input_file id="fl-11">
         <path>.\SSDD1306\</path>
         <kind>object</kind>
         <file>fonts.obj</file>
         <name>fonts.obj</name>
      </input_file>
      <input_file id="fl-12">
         <path>.\SSDD1306\</path>
         <kind>object</kind>
         <file>test.obj</file>
         <name>test.obj</name>
      </input_file>
      <input_file id="fl-13">
         <path>.\drivers\</path>
         <kind>object</kind>
         <file>configure_co2.obj</file>
         <name>configure_co2.obj</name>
      </input_file>
      <input_file id="fl-14">
         <path>.\drivers\</path>
         <kind>object</kind>
         <file>i2c_slave.obj</file>
         <name>i2c_slave.obj</name>
      </input_file>
      <input_file id="fl-15">
         <path>.\drivers\</path>
         <kind>object</kind>
         <file>pasco2.obj</file>
         <name>pasco2.obj</name>
      </input_file>
      <input_file id="fl-16">
         <path>.\drivers\</path>
         <kind>object</kind>
         <file>rtos_hw_drivers.obj</file>
         <name>rtos_hw_drivers.obj</name>
      </input_file>
      <input_file id="fl-17">
         <path>.\drivers\</path>
         <kind>object</kind>
         <file>switches.obj</file>
         <name>switches.obj</name>
      </input_file>
      <input_file id="fl-18">
         <path>.\drivers\</path>
         <kind>object</kind>
         <file>xensiv_pasco2.obj</file>
         <name>xensiv_pasco2.obj</name>
      </input_file>
      <input_file id="fl-19">
         <path>.\drivers\</path>
         <kind>object</kind>
         <file>xensiv_pasco2_platform.obj</file>
         <name>xensiv_pasco2_platform.obj</name>
      </input_file>
      <input_file id="fl-1e">
         <kind>object</kind>
         <file>&lt;internal&gt;</file>
         <name>&lt;internal&gt;</name>
      </input_file>
      <input_file id="fl-1f">
         <path>..\</path>
         <kind>archive</kind>
         <file>driverlib.lib</file>
         <name>gpio.obj</name>
      </input_file>
      <input_file id="fl-20">
         <path>..\</path>
         <kind>archive</kind>
         <file>driverlib.lib</file>
         <name>i2c.obj</name>
      </input_file>
      <input_file id="fl-21">
         <path>..\</path>
         <kind>archive</kind>
         <file>driverlib.lib</file>
         <name>interrupt.obj</name>
      </input_file>
      <input_file id="fl-22">
         <path>..\</path>
         <kind>archive</kind>
         <file>driverlib.lib</file>
         <name>sysctl.obj</name>
      </input_file>
      <input_file id="fl-23">
         <path>..\</path>
         <kind>archive</kind>
         <file>driverlib.lib</file>
         <name>uart.obj</name>
      </input_file>
      <input_file id="fl-24">
         <path>..\</path>
         <kind>archive</kind>
         <file>driverlib.lib</file>
         <name>cpu.obj</name>
      </input_file>
      <input_file id="fl-da">
         <path>E:\NAMHOC\Nam_BK\laptrinhnhung\Tool\ccs\tools\compiler\ti-cgt-arm_20.2.7.LTS\lib\</path>
         <kind>archive</kind>
         <file>rtsv7M4_T_le_v4SPD16_eabi.lib</file>
         <name>memcpy_t2.asm.obj</name>
      </input_file>
      <input_file id="fl-db">
         <path>E:\NAMHOC\Nam_BK\laptrinhnhung\Tool\ccs\tools\compiler\ti-cgt-arm_20.2.7.LTS\lib\</path>
         <kind>archive</kind>
         <file>rtsv7M4_T_le_v4SPD16_eabi.lib</file>
         <name>memset_t2.asm.obj</name>
      </input_file>
      <input_file id="fl-dc">
         <path>E:\NAMHOC\Nam_BK\laptrinhnhung\Tool\ccs\tools\compiler\ti-cgt-arm_20.2.7.LTS\lib\</path>
         <kind>archive</kind>
         <file>rtsv7M4_T_le_v4SPD16_eabi.lib</file>
         <name>u_divt2.asm.obj</name>
      </input_file>
      <input_file id="fl-dd">
         <path>E:\NAMHOC\Nam_BK\laptrinhnhung\Tool\ccs\tools\compiler\ti-cgt-arm_20.2.7.LTS\lib\</path>
         <kind>archive</kind>
         <file>rtsv7M4_T_le_v4SPD16_eabi.lib</file>
         <name>copy_zero_init.c.obj</name>
      </input_file>
      <input_file id="fl-de">
         <path>E:\NAMHOC\Nam_BK\laptrinhnhung\Tool\ccs\tools\compiler\ti-cgt-arm_20.2.7.LTS\lib\</path>
         <kind>archive</kind>
         <file>rtsv7M4_T_le_v4SPD16_eabi.lib</file>
         <name>copy_decompress_none.c.obj</name>
      </input_file>
      <input_file id="fl-df">
         <path>E:\NAMHOC\Nam_BK\laptrinhnhung\Tool\ccs\tools\compiler\ti-cgt-arm_20.2.7.LTS\lib\</path>
         <kind>archive</kind>
         <file>rtsv7M4_T_le_v4SPD16_eabi.lib</file>
         <name>copy_decompress_lzss.c.obj</name>
      </input_file>
      <input_file id="fl-e0">
         <path>E:\NAMHOC\Nam_BK\laptrinhnhung\Tool\ccs\tools\compiler\ti-cgt-arm_20.2.7.LTS\lib\</path>
         <kind>archive</kind>
         <file>rtsv7M4_T_le_v4SPD16_eabi.lib</file>
         <name>strlen.c.obj</name>
      </input_file>
      <input_file id="fl-e1">
         <path>E:\NAMHOC\Nam_BK\laptrinhnhung\Tool\ccs\tools\compiler\ti-cgt-arm_20.2.7.LTS\lib\</path>
         <kind>archive</kind>
         <file>rtsv7M4_T_le_v4SPD16_eabi.lib</file>
         <name>boot_cortex_m.c.obj</name>
      </input_file>
      <input_file id="fl-e2">
         <path>E:\NAMHOC\Nam_BK\laptrinhnhung\Tool\ccs\tools\compiler\ti-cgt-arm_20.2.7.LTS\lib\</path>
         <kind>archive</kind>
         <file>rtsv7M4_T_le_v4SPD16_eabi.lib</file>
         <name>div0.asm.obj</name>
      </input_file>
      <input_file id="fl-e3">
         <path>E:\NAMHOC\Nam_BK\laptrinhnhung\Tool\ccs\tools\compiler\ti-cgt-arm_20.2.7.LTS\lib\</path>
         <kind>archive</kind>
         <file>rtsv7M4_T_le_v4SPD16_eabi.lib</file>
         <name>autoinit.c.obj</name>
      </input_file>
      <input_file id="fl-e4">
         <path>E:\NAMHOC\Nam_BK\laptrinhnhung\Tool\ccs\tools\compiler\ti-cgt-arm_20.2.7.LTS\lib\</path>
         <kind>archive</kind>
         <file>rtsv7M4_T_le_v4SPD16_eabi.lib</file>
         <name>pre_init.c.obj</name>
      </input_file>
      <input_file id="fl-e5">
         <path>E:\NAMHOC\Nam_BK\laptrinhnhung\Tool\ccs\tools\compiler\ti-cgt-arm_20.2.7.LTS\lib\</path>
         <kind>archive</kind>
         <file>rtsv7M4_T_le_v4SPD16_eabi.lib</file>
         <name>cpy_tbl.c.obj</name>
      </input_file>
      <input_file id="fl-e6">
         <path>E:\NAMHOC\Nam_BK\laptrinhnhung\Tool\ccs\tools\compiler\ti-cgt-arm_20.2.7.LTS\lib\</path>
         <kind>archive</kind>
         <file>rtsv7M4_T_le_v4SPD16_eabi.lib</file>
         <name>exit.c.obj</name>
      </input_file>
      <input_file id="fl-e7">
         <path>E:\NAMHOC\Nam_BK\laptrinhnhung\Tool\ccs\tools\compiler\ti-cgt-arm_20.2.7.LTS\lib\</path>
         <kind>archive</kind>
         <file>rtsv7M4_T_le_v4SPD16_eabi.lib</file>
         <name>_lock.c.obj</name>
      </input_file>
      <input_file id="fl-e8">
         <path>E:\NAMHOC\Nam_BK\laptrinhnhung\Tool\ccs\tools\compiler\ti-cgt-arm_20.2.7.LTS\lib\</path>
         <kind>archive</kind>
         <file>rtsv7M4_T_le_v4SPD16_eabi.lib</file>
         <name>args_main.c.obj</name>
      </input_file>
   </input_file_list>
   <object_component_list>
      <object_component id="oc-12">
         <name>.intvecs</name>
         <load_address>0x0</load_address>
         <run_address>0x0</run_address>
         <size>0x26c</size>
         <input_file_ref idref="fl-4"/>
      </object_component>
      <object_component id="oc-149">
         <name>.text</name>
         <load_address>0x26c</load_address>
         <run_address>0x26c</run_address>
         <size>0x1222</size>
         <input_file_ref idref="fl-10"/>
      </object_component>
      <object_component id="oc-2da">
         <name>.text:_IntDefaultHandler</name>
         <load_address>0x148e</load_address>
         <run_address>0x148e</run_address>
         <size>0x2</size>
         <input_file_ref idref="fl-21"/>
      </object_component>
      <object_component id="oc-f9">
         <name>.text</name>
         <load_address>0x1490</load_address>
         <run_address>0x1490</run_address>
         <size>0xa28</size>
         <input_file_ref idref="fl-2"/>
      </object_component>
      <object_component id="oc-9b">
         <name>.text</name>
         <load_address>0x1eb8</load_address>
         <run_address>0x1eb8</run_address>
         <size>0x750</size>
         <input_file_ref idref="fl-3"/>
      </object_component>
      <object_component id="oc-14f">
         <name>.text</name>
         <load_address>0x2608</load_address>
         <run_address>0x2608</run_address>
         <size>0x694</size>
         <input_file_ref idref="fl-13"/>
      </object_component>
      <object_component id="oc-239">
         <name>.text</name>
         <load_address>0x2c9c</load_address>
         <run_address>0x2c9c</run_address>
         <size>0x28c</size>
         <input_file_ref idref="fl-14"/>
      </object_component>
      <object_component id="oc-12f">
         <name>.text</name>
         <load_address>0x2f28</load_address>
         <run_address>0x2f28</run_address>
         <size>0x26c</size>
         <input_file_ref idref="fl-15"/>
      </object_component>
      <object_component id="oc-1b9">
         <name>.text:GPIOPadConfigSet</name>
         <load_address>0x3194</load_address>
         <run_address>0x3194</run_address>
         <size>0x16c</size>
         <input_file_ref idref="fl-1f"/>
      </object_component>
      <object_component id="oc-10b">
         <name>.text:SysCtlClockGet</name>
         <load_address>0x3300</load_address>
         <run_address>0x3300</run_address>
         <size>0x118</size>
         <input_file_ref idref="fl-22"/>
      </object_component>
      <object_component id="oc-13c">
         <name>.text:SysCtlClockSet</name>
         <load_address>0x3418</load_address>
         <run_address>0x3418</run_address>
         <size>0xf4</size>
         <input_file_ref idref="fl-22"/>
      </object_component>
      <object_component id="oc-3b">
         <name>.text</name>
         <load_address>0x350c</load_address>
         <run_address>0x350c</run_address>
         <size>0x9c</size>
         <input_file_ref idref="fl-da"/>
      </object_component>
      <object_component id="oc-26b">
         <name>.text</name>
         <load_address>0x35a8</load_address>
         <run_address>0x35a8</run_address>
         <size>0x84</size>
         <input_file_ref idref="fl-17"/>
      </object_component>
      <object_component id="oc-8f">
         <name>.text</name>
         <load_address>0x362c</load_address>
         <run_address>0x362c</run_address>
         <size>0x7a</size>
         <input_file_ref idref="fl-db"/>
      </object_component>
      <object_component id="oc-1d1">
         <name>.text:IntDisable</name>
         <load_address>0x36a8</load_address>
         <run_address>0x36a8</run_address>
         <size>0x68</size>
         <input_file_ref idref="fl-21"/>
      </object_component>
      <object_component id="oc-111">
         <name>.text:IntEnable</name>
         <load_address>0x3710</load_address>
         <run_address>0x3710</run_address>
         <size>0x68</size>
         <input_file_ref idref="fl-21"/>
      </object_component>
      <object_component id="oc-15">
         <name>.text:decompress:lzss:__TI_decompress_lzss</name>
         <load_address>0x3778</load_address>
         <run_address>0x3778</run_address>
         <size>0x68</size>
         <input_file_ref idref="fl-df"/>
      </object_component>
      <object_component id="oc-277">
         <name>.text:GPIOIntTypeSet</name>
         <load_address>0x37e0</load_address>
         <run_address>0x37e0</run_address>
         <size>0x58</size>
         <input_file_ref idref="fl-1f"/>
      </object_component>
      <object_component id="oc-2fd">
         <name>.text:SysCtlPeripheralReset</name>
         <load_address>0x3838</load_address>
         <run_address>0x3838</run_address>
         <size>0x50</size>
         <input_file_ref idref="fl-22"/>
      </object_component>
      <object_component id="oc-ff">
         <name>.text:GPIOPinConfigure</name>
         <load_address>0x3888</load_address>
         <run_address>0x3888</run_address>
         <size>0x4c</size>
         <input_file_ref idref="fl-1f"/>
      </object_component>
      <object_component id="oc-30f">
         <name>.text:I2CMasterInitExpClk</name>
         <load_address>0x38d4</load_address>
         <run_address>0x38d4</run_address>
         <size>0x4c</size>
         <input_file_ref idref="fl-20"/>
      </object_component>
      <object_component id="oc-11d">
         <name>.text:UARTConfigSetExpClk</name>
         <load_address>0x3920</load_address>
         <run_address>0x3920</run_address>
         <size>0x46</size>
         <input_file_ref idref="fl-23"/>
      </object_component>
      <object_component id="oc-344">
         <name>.text:_GPIOIntNumberGet</name>
         <load_address>0x3968</load_address>
         <run_address>0x3968</run_address>
         <size>0x44</size>
         <input_file_ref idref="fl-1f"/>
      </object_component>
      <object_component id="oc-176">
         <name>.text:__TI_auto_init_nobinit_nopinit:__TI_auto_init_nobinit_nopinit</name>
         <load_address>0x39ac</load_address>
         <run_address>0x39ac</run_address>
         <size>0x44</size>
         <input_file_ref idref="fl-e3"/>
      </object_component>
      <object_component id="oc-202">
         <name>.text:_UARTIntNumberGet</name>
         <load_address>0x39f0</load_address>
         <run_address>0x39f0</run_address>
         <size>0x40</size>
         <input_file_ref idref="fl-23"/>
      </object_component>
      <object_component id="oc-1cb">
         <name>.text:IntRegister</name>
         <load_address>0x3a30</load_address>
         <run_address>0x3a30</run_address>
         <size>0x34</size>
         <input_file_ref idref="fl-21"/>
      </object_component>
      <object_component id="oc-d5">
         <name>.text:SysCtlPeripheralEnable</name>
         <load_address>0x3a64</load_address>
         <run_address>0x3a64</run_address>
         <size>0x34</size>
         <input_file_ref idref="fl-22"/>
      </object_component>
      <object_component id="oc-59">
         <name>.text:_c_int00_noargs:_c_int00_noargs</name>
         <load_address>0x3a98</load_address>
         <run_address>0x3a98</run_address>
         <size>0x34</size>
         <input_file_ref idref="fl-e1"/>
      </object_component>
      <object_component id="oc-1bf">
         <name>.text:GPIODirModeSet</name>
         <load_address>0x3acc</load_address>
         <run_address>0x3acc</run_address>
         <size>0x2c</size>
         <input_file_ref idref="fl-1f"/>
      </object_component>
      <object_component id="oc-1f5">
         <name>.text:UARTDisable</name>
         <load_address>0x3af8</load_address>
         <run_address>0x3af8</run_address>
         <size>0x20</size>
         <input_file_ref idref="fl-23"/>
      </object_component>
      <object_component id="oc-db">
         <name>.text:GPIOPinTypeGPIOOutput</name>
         <load_address>0x3b18</load_address>
         <run_address>0x3b18</run_address>
         <size>0x1a</size>
         <input_file_ref idref="fl-1f"/>
      </object_component>
      <object_component id="oc-271">
         <name>.text:GPIOIntRegister</name>
         <load_address>0x3b32</load_address>
         <run_address>0x3b32</run_address>
         <size>0x18</size>
         <input_file_ref idref="fl-1f"/>
      </object_component>
      <object_component id="oc-123">
         <name>.text:UARTIntRegister</name>
         <load_address>0x3b4a</load_address>
         <run_address>0x3b4a</run_address>
         <size>0x18</size>
         <input_file_ref idref="fl-23"/>
      </object_component>
      <object_component id="oc-105">
         <name>.text:GPIOPinTypeCAN</name>
         <load_address>0x3b62</load_address>
         <run_address>0x3b62</run_address>
         <size>0x16</size>
         <input_file_ref idref="fl-1f"/>
      </object_component>
      <object_component id="oc-309">
         <name>.text:GPIOPinTypeI2C</name>
         <load_address>0x3b78</load_address>
         <run_address>0x3b78</run_address>
         <size>0x16</size>
         <input_file_ref idref="fl-1f"/>
      </object_component>
      <object_component id="oc-303">
         <name>.text:GPIOPinTypeI2CSCL</name>
         <load_address>0x3b8e</load_address>
         <run_address>0x3b8e</run_address>
         <size>0x16</size>
         <input_file_ref idref="fl-1f"/>
      </object_component>
      <object_component id="oc-117">
         <name>.text:GPIOPinTypeUART</name>
         <load_address>0x3ba4</load_address>
         <run_address>0x3ba4</run_address>
         <size>0x16</size>
         <input_file_ref idref="fl-1f"/>
      </object_component>
      <object_component id="oc-251">
         <name>.text:I2CMasterErr</name>
         <load_address>0x3bba</load_address>
         <run_address>0x3bba</run_address>
         <size>0x16</size>
         <input_file_ref idref="fl-20"/>
      </object_component>
      <object_component id="oc-1d7">
         <name>.text:IntUnregister</name>
         <load_address>0x3bd0</load_address>
         <run_address>0x3bd0</run_address>
         <size>0x14</size>
         <input_file_ref idref="fl-21"/>
      </object_component>
      <object_component id="oc-1fb">
         <name>.text:UARTEnable</name>
         <load_address>0x3be4</load_address>
         <run_address>0x3be4</run_address>
         <size>0x14</size>
         <input_file_ref idref="fl-23"/>
      </object_component>
      <object_component id="oc-265">
         <name>.text:IntMasterDisable</name>
         <load_address>0x3bf8</load_address>
         <run_address>0x3bf8</run_address>
         <size>0x10</size>
         <input_file_ref idref="fl-21"/>
      </object_component>
      <object_component id="oc-142">
         <name>.text:IntMasterEnable</name>
         <load_address>0x3c08</load_address>
         <run_address>0x3c08</run_address>
         <size>0x10</size>
         <input_file_ref idref="fl-21"/>
      </object_component>
      <object_component id="oc-25f">
         <name>.text:GPIOIntStatus</name>
         <load_address>0x3c18</load_address>
         <run_address>0x3c18</run_address>
         <size>0xe</size>
         <input_file_ref idref="fl-1f"/>
      </object_component>
      <object_component id="oc-ed">
         <name>.text:UARTCharGetNonBlocking</name>
         <load_address>0x3c26</load_address>
         <run_address>0x3c26</run_address>
         <size>0xe</size>
         <input_file_ref idref="fl-23"/>
      </object_component>
      <object_component id="oc-210">
         <name>.text:UARTCharPutNonBlocking</name>
         <load_address>0x3c34</load_address>
         <run_address>0x3c34</run_address>
         <size>0xe</size>
         <input_file_ref idref="fl-23"/>
      </object_component>
      <object_component id="oc-f3">
         <name>.text:UARTCharsAvail</name>
         <load_address>0x3c42</load_address>
         <run_address>0x3c42</run_address>
         <size>0xe</size>
         <input_file_ref idref="fl-23"/>
      </object_component>
      <object_component id="oc-20a">
         <name>.text:UARTSpaceAvail</name>
         <load_address>0x3c50</load_address>
         <run_address>0x3c50</run_address>
         <size>0xe</size>
         <input_file_ref idref="fl-23"/>
      </object_component>
      <object_component id="oc-1b">
         <name>.text:decompress:none:__TI_decompress_none</name>
         <load_address>0x3c5e</load_address>
         <run_address>0x3c5e</run_address>
         <size>0xe</size>
         <input_file_ref idref="fl-de"/>
      </object_component>
      <object_component id="oc-337">
         <name>.text:CPUcpsid</name>
         <load_address>0x3c6c</load_address>
         <run_address>0x3c6c</run_address>
         <size>0xc</size>
         <input_file_ref idref="fl-24"/>
      </object_component>
      <object_component id="oc-232">
         <name>.text:CPUcpsie</name>
         <load_address>0x3c78</load_address>
         <run_address>0x3c78</run_address>
         <size>0xc</size>
         <input_file_ref idref="fl-24"/>
      </object_component>
      <object_component id="oc-27d">
         <name>.text:GPIOIntEnable</name>
         <load_address>0x3c84</load_address>
         <run_address>0x3c84</run_address>
         <size>0xc</size>
         <input_file_ref idref="fl-1f"/>
      </object_component>
      <object_component id="oc-4d">
         <name>.text:decompress:ZI:__TI_zero_init</name>
         <load_address>0x3c90</load_address>
         <run_address>0x3c90</run_address>
         <size>0xc</size>
         <input_file_ref idref="fl-dd"/>
      </object_component>
      <object_component id="oc-27">
         <name>.text</name>
         <load_address>0x3c9c</load_address>
         <run_address>0x3c9c</run_address>
         <size>0xc</size>
         <input_file_ref idref="fl-4"/>
      </object_component>
      <object_component id="oc-383">
         <name>.text:I2CMasterEnable</name>
         <load_address>0x3ca8</load_address>
         <run_address>0x3ca8</run_address>
         <size>0xa</size>
         <input_file_ref idref="fl-20"/>
      </object_component>
      <object_component id="oc-e1">
         <name>.text:UARTIntStatus</name>
         <load_address>0x3cb2</load_address>
         <run_address>0x3cb2</run_address>
         <size>0xa</size>
         <input_file_ref idref="fl-23"/>
      </object_component>
      <object_component id="oc-31b">
         <name>.text:I2CMasterBusBusy</name>
         <load_address>0x3cbc</load_address>
         <run_address>0x3cbc</run_address>
         <size>0x8</size>
         <input_file_ref idref="fl-20"/>
      </object_component>
      <object_component id="oc-23f">
         <name>.text:I2CMasterBusy</name>
         <load_address>0x3cc4</load_address>
         <run_address>0x3cc4</run_address>
         <size>0x8</size>
         <input_file_ref idref="fl-20"/>
      </object_component>
      <object_component id="oc-245">
         <name>.text:I2CMasterSlaveAddrSet</name>
         <load_address>0x3ccc</load_address>
         <run_address>0x3ccc</run_address>
         <size>0x8</size>
         <input_file_ref idref="fl-20"/>
      </object_component>
      <object_component id="oc-129">
         <name>.text:UARTIntEnable</name>
         <load_address>0x3cd4</load_address>
         <run_address>0x3cd4</run_address>
         <size>0x8</size>
         <input_file_ref idref="fl-23"/>
      </object_component>
      <object_component id="oc-259">
         <name>.text:GPIOIntClear</name>
         <load_address>0x3cdc</load_address>
         <run_address>0x3cdc</run_address>
         <size>0x6</size>
         <input_file_ref idref="fl-1f"/>
      </object_component>
      <object_component id="oc-c8">
         <name>.text:GPIOPinRead</name>
         <load_address>0x3ce2</load_address>
         <run_address>0x3ce2</run_address>
         <size>0x6</size>
         <input_file_ref idref="fl-1f"/>
      </object_component>
      <object_component id="oc-ce">
         <name>.text:GPIOPinWrite</name>
         <load_address>0x3ce8</load_address>
         <run_address>0x3ce8</run_address>
         <size>0x6</size>
         <input_file_ref idref="fl-1f"/>
      </object_component>
      <object_component id="oc-d4">
         <name>.text:SysCtlDelay</name>
         <load_address>0x3cee</load_address>
         <run_address>0x3cee</run_address>
         <size>0x6</size>
         <input_file_ref idref="fl-22"/>
      </object_component>
      <object_component id="oc-24b">
         <name>.text:I2CMasterControl</name>
         <load_address>0x3cf4</load_address>
         <run_address>0x3cf4</run_address>
         <size>0x4</size>
         <input_file_ref idref="fl-20"/>
      </object_component>
      <object_component id="oc-321">
         <name>.text:I2CMasterDataGet</name>
         <load_address>0x3cf8</load_address>
         <run_address>0x3cf8</run_address>
         <size>0x4</size>
         <input_file_ref idref="fl-20"/>
      </object_component>
      <object_component id="oc-315">
         <name>.text:I2CMasterDataPut</name>
         <load_address>0x3cfc</load_address>
         <run_address>0x3cfc</run_address>
         <size>0x4</size>
         <input_file_ref idref="fl-20"/>
      </object_component>
      <object_component id="oc-e7">
         <name>.text:UARTIntClear</name>
         <load_address>0x3d00</load_address>
         <run_address>0x3d00</run_address>
         <size>0x4</size>
         <input_file_ref idref="fl-23"/>
      </object_component>
      <object_component id="oc-95">
         <name>.text:_system_pre_init</name>
         <load_address>0x3d04</load_address>
         <run_address>0x3d04</run_address>
         <size>0x4</size>
         <input_file_ref idref="fl-e4"/>
      </object_component>
      <object_component id="oc-16a">
         <name>.text:abort:abort</name>
         <load_address>0x3d08</load_address>
         <run_address>0x3d08</run_address>
         <size>0x4</size>
         <input_file_ref idref="fl-e6"/>
      </object_component>
      <object_component id="oc-28d">
         <name>.const:Font11x18</name>
         <load_address>0x3d0c</load_address>
         <run_address>0x3d0c</run_address>
         <size>0xd5c</size>
         <input_file_ref idref="fl-11"/>
      </object_component>
      <object_component id="oc-292">
         <name>.const:Font7x10</name>
         <load_address>0x4a68</load_address>
         <run_address>0x4a68</run_address>
         <size>0x76c</size>
         <input_file_ref idref="fl-11"/>
      </object_component>
      <object_component id="oc-156">
         <name>.const:.string:gImage_ConfCO2</name>
         <load_address>0x51d4</load_address>
         <run_address>0x51d4</run_address>
         <size>0x440</size>
         <input_file_ref idref="fl-3"/>
      </object_component>
      <object_component id="oc-395">
         <name>.const:g_ppui32GPIOIntMapSnowflake</name>
         <load_address>0x5614</load_address>
         <run_address>0x5614</run_address>
         <size>0xd8</size>
         <input_file_ref idref="fl-1f"/>
      </object_component>
      <object_component id="oc-392">
         <name>.const:g_ppui32GPIOIntMapBlizzard</name>
         <load_address>0x56ec</load_address>
         <run_address>0x56ec</run_address>
         <size>0xc0</size>
         <input_file_ref idref="fl-1f"/>
      </object_component>
      <object_component id="oc-1e6">
         <name>.const:g_pui32GPIOBaseAddrs</name>
         <load_address>0x57ac</load_address>
         <run_address>0x57ac</run_address>
         <size>0x90</size>
         <input_file_ref idref="fl-1f"/>
      </object_component>
      <object_component id="oc-1eb">
         <name>.const:g_pui32Xtals</name>
         <load_address>0x583c</load_address>
         <run_address>0x583c</run_address>
         <size>0x6c</size>
         <input_file_ref idref="fl-22"/>
      </object_component>
      <object_component id="oc-2ed">
         <name>.const:g_ppui32UARTIntMap</name>
         <load_address>0x58a8</load_address>
         <run_address>0x58a8</run_address>
         <size>0x40</size>
         <input_file_ref idref="fl-23"/>
      </object_component>
      <object_component id="oc-2f0">
         <name>.const:g_ppui32UARTIntMapSnowflake</name>
         <load_address>0x58e8</load_address>
         <run_address>0x58e8</run_address>
         <size>0x40</size>
         <input_file_ref idref="fl-23"/>
      </object_component>
      <object_component id="oc-1dd">
         <name>.const:g_ui16CANBitValues</name>
         <load_address>0x5928</load_address>
         <run_address>0x5928</run_address>
         <size>0x20</size>
         <input_file_ref idref="fl-2"/>
      </object_component>
      <object_component id="oc-2d6">
         <name>.const:g_pui32Dii16Regs</name>
         <load_address>0x5948</load_address>
         <run_address>0x5948</run_address>
         <size>0x14</size>
         <input_file_ref idref="fl-21"/>
      </object_component>
      <object_component id="oc-1ef">
         <name>.const:g_pui32EnRegs</name>
         <load_address>0x595c</load_address>
         <run_address>0x595c</run_address>
         <size>0x14</size>
         <input_file_ref idref="fl-21"/>
      </object_component>
      <object_component id="oc-219">
         <name>.const:.string:$P$T1$2</name>
         <load_address>0x5970</load_address>
         <run_address>0x5970</run_address>
         <size>0x8</size>
         <input_file_ref idref="fl-15"/>
      </object_component>
      <object_component id="oc-216">
         <name>.const:.string:$P$T0$1</name>
         <load_address>0x5978</load_address>
         <run_address>0x5978</run_address>
         <size>0x5</size>
         <input_file_ref idref="fl-15"/>
      </object_component>
      <object_component id="oc-3db">
         <name>.cinit..data.load</name>
         <load_address>0x5980</load_address>
         <run_address>0x5980</run_address>
         <size>0x20</size>
      </object_component>
      <object_component id="oc-3d8">
         <name>__TI_handler_table</name>
         <load_address>0x59a0</load_address>
         <run_address>0x59a0</run_address>
         <size>0xc</size>
      </object_component>
      <object_component id="oc-3dc">
         <name>.cinit..bss.load</name>
         <load_address>0x59b0</load_address>
         <run_address>0x59b0</run_address>
         <size>0x8</size>
      </object_component>
      <object_component id="oc-3da">
         <name>.cinit..vtable.load</name>
         <load_address>0x59b8</load_address>
         <run_address>0x59b8</run_address>
         <size>0x8</size>
      </object_component>
      <object_component id="oc-3d9">
         <name>__TI_cinit_table</name>
         <load_address>0x59c0</load_address>
         <run_address>0x59c0</run_address>
         <size>0x18</size>
      </object_component>
      <object_component id="oc-2d2">
         <name>.vtable</name>
         <uninitialized>true</uninitialized>
         <run_address>0x20000000</run_address>
         <size>0x26c</size>
         <input_file_ref idref="fl-21"/>
      </object_component>
      <object_component id="oc-135">
         <name>.data</name>
         <load_address>0x20000d08</load_address>
         <run_address>0x20000d08</run_address>
         <size>0x10</size>
         <input_file_ref idref="fl-3"/>
      </object_component>
      <object_component id="oc-15f">
         <name>.data:Font_7x10</name>
         <load_address>0x20000d20</load_address>
         <run_address>0x20000d20</run_address>
         <size>0x8</size>
         <input_file_ref idref="fl-11"/>
      </object_component>
      <object_component id="oc-15c">
         <name>.data:Font_11x18</name>
         <load_address>0x20000d18</load_address>
         <run_address>0x20000d18</run_address>
         <size>0x8</size>
         <input_file_ref idref="fl-11"/>
      </object_component>
      <object_component id="oc-283">
         <name>.data</name>
         <load_address>0x20000d28</load_address>
         <run_address>0x20000d28</run_address>
         <size>0x8</size>
         <input_file_ref idref="fl-13"/>
      </object_component>
      <object_component id="oc-166">
         <name>.common:g_ui8RXMsgData</name>
         <uninitialized>true</uninitialized>
         <run_address>0x20000ae0</run_address>
         <size>0x8</size>
      </object_component>
      <object_component id="oc-155">
         <name>.common:g_ui8TXMsgData</name>
         <uninitialized>true</uninitialized>
         <run_address>0x20000af0</run_address>
         <size>0x4</size>
      </object_component>
      <object_component id="oc-138">
         <name>.common:g_sCAN0RxMessage</name>
         <uninitialized>true</uninitialized>
         <run_address>0x20000ab8</run_address>
         <size>0x14</size>
      </object_component>
      <object_component id="oc-13b">
         <name>.common:g_sCAN0TxMessage</name>
         <uninitialized>true</uninitialized>
         <run_address>0x20000acc</run_address>
         <size>0x14</size>
      </object_component>
      <object_component id="oc-167">
         <name>.common:state_fan</name>
         <uninitialized>true</uninitialized>
         <run_address>0x20000b00</run_address>
         <size>0x1</size>
      </object_component>
      <object_component id="oc-168">
         <name>.common:state_door</name>
         <uninitialized>true</uninitialized>
         <run_address>0x20000aff</run_address>
         <size>0x1</size>
      </object_component>
      <object_component id="oc-159">
         <name>.common:SSD1306</name>
         <uninitialized>true</uninitialized>
         <run_address>0x2000026c</run_address>
         <size>0x426</size>
      </object_component>
      <object_component id="oc-148">
         <name>.common:rxBuffer</name>
         <uninitialized>true</uninitialized>
         <run_address>0x20000af4</run_address>
         <size>0x4</size>
      </object_component>
      <object_component id="oc-164">
         <name>.common:value1</name>
         <uninitialized>true</uninitialized>
         <run_address>0x20000b01</run_address>
         <size>0x1</size>
      </object_component>
      <object_component id="oc-165">
         <name>.common:value2</name>
         <uninitialized>true</uninitialized>
         <run_address>0x20000b02</run_address>
         <size>0x1</size>
      </object_component>
      <object_component id="oc-15a">
         <name>.common:result</name>
         <uninitialized>true</uninitialized>
         <run_address>0x20000afc</run_address>
         <size>0x2</size>
      </object_component>
      <object_component id="oc-163">
         <name>.common:set_mes_and_limit</name>
         <uninitialized>true</uninitialized>
         <run_address>0x20000af8</run_address>
         <size>0x4</size>
      </object_component>
      <object_component id="oc-15b">
         <name>.common:Value_Co2_Oled</name>
         <uninitialized>true</uninitialized>
         <run_address>0x20000ae8</run_address>
         <size>0x4</size>
      </object_component>
      <object_component id="oc-162">
         <name>.common:check_conf_sucess</name>
         <uninitialized>true</uninitialized>
         <run_address>0x20000afe</run_address>
         <size>0x1</size>
      </object_component>
      <object_component id="oc-286">
         <name>.common:Value_char</name>
         <uninitialized>true</uninitialized>
         <run_address>0x20000aec</run_address>
         <size>0x4</size>
      </object_component>
      <object_component id="oc-289">
         <name>.common:SSD1306s</name>
         <uninitialized>true</uninitialized>
         <run_address>0x20000692</run_address>
         <size>0x426</size>
      </object_component>
      <object_component id="oc-24">
         <name>.stack</name>
         <uninitialized>true</uninitialized>
         <run_address>0x20000b08</run_address>
         <size>0x4</size>
         <input_file_ref idref="fl-e1"/>
      </object_component>
      <object_component id="oc-3de">
         <name>.stack</name>
         <uninitialized>true</uninitialized>
         <run_address>0x20000b08</run_address>
         <size>0x0</size>
      </object_component>
      <object_component id="oc-b7">
         <name>.debug_info</name>
         <load_address>0x0</load_address>
         <run_address>0x0</run_address>
         <size>0x343</size>
         <input_file_ref idref="fl-2"/>
      </object_component>
      <object_component id="oc-1de">
         <name>.debug_info</name>
         <load_address>0x343</load_address>
         <run_address>0x343</run_address>
         <size>0xf5</size>
         <input_file_ref idref="fl-2"/>
      </object_component>
      <object_component id="oc-fa">
         <name>.debug_info</name>
         <load_address>0x438</load_address>
         <run_address>0x438</run_address>
         <size>0x1696</size>
         <input_file_ref idref="fl-2"/>
      </object_component>
      <object_component id="oc-1aa">
         <name>.debug_info</name>
         <load_address>0x1ace</load_address>
         <run_address>0x1ace</run_address>
         <size>0x1b3</size>
         <input_file_ref idref="fl-2"/>
      </object_component>
      <object_component id="oc-70">
         <name>.debug_info</name>
         <load_address>0x1c81</load_address>
         <run_address>0x1c81</run_address>
         <size>0x26b</size>
         <input_file_ref idref="fl-2"/>
      </object_component>
      <object_component id="oc-b2">
         <name>.debug_info</name>
         <load_address>0x1eec</load_address>
         <run_address>0x1eec</run_address>
         <size>0x8b</size>
         <input_file_ref idref="fl-2"/>
      </object_component>
      <object_component id="oc-ad">
         <name>.debug_info</name>
         <load_address>0x1f77</load_address>
         <run_address>0x1f77</run_address>
         <size>0x2a4</size>
         <input_file_ref idref="fl-2"/>
      </object_component>
      <object_component id="oc-1e1">
         <name>.debug_info</name>
         <load_address>0x221b</load_address>
         <run_address>0x221b</run_address>
         <size>0xef</size>
         <input_file_ref idref="fl-2"/>
      </object_component>
      <object_component id="oc-75">
         <name>.debug_info</name>
         <load_address>0x230a</load_address>
         <run_address>0x230a</run_address>
         <size>0xbb</size>
         <input_file_ref idref="fl-2"/>
      </object_component>
      <object_component id="oc-139">
         <name>.debug_info</name>
         <load_address>0x23c5</load_address>
         <run_address>0x23c5</run_address>
         <size>0xd4b</size>
         <input_file_ref idref="fl-3"/>
      </object_component>
      <object_component id="oc-157">
         <name>.debug_info</name>
         <load_address>0x3110</load_address>
         <run_address>0x3110</run_address>
         <size>0xef</size>
         <input_file_ref idref="fl-3"/>
      </object_component>
      <object_component id="oc-136">
         <name>.debug_info</name>
         <load_address>0x31ff</load_address>
         <run_address>0x31ff</run_address>
         <size>0x195</size>
         <input_file_ref idref="fl-3"/>
      </object_component>
      <object_component id="oc-9c">
         <name>.debug_info</name>
         <load_address>0x3394</load_address>
         <run_address>0x3394</run_address>
         <size>0xdd0</size>
         <input_file_ref idref="fl-3"/>
      </object_component>
      <object_component id="oc-222">
         <name>.debug_info</name>
         <load_address>0x4164</load_address>
         <run_address>0x4164</run_address>
         <size>0xc4</size>
         <input_file_ref idref="fl-3"/>
      </object_component>
      <object_component id="oc-227">
         <name>.debug_info</name>
         <load_address>0x4228</load_address>
         <run_address>0x4228</run_address>
         <size>0xb1</size>
         <input_file_ref idref="fl-3"/>
      </object_component>
      <object_component id="oc-330">
         <name>.debug_info</name>
         <load_address>0x42d9</load_address>
         <run_address>0x42d9</run_address>
         <size>0x110</size>
         <input_file_ref idref="fl-3"/>
      </object_component>
      <object_component id="oc-22c">
         <name>.debug_info</name>
         <load_address>0x43e9</load_address>
         <run_address>0x43e9</run_address>
         <size>0x35</size>
         <input_file_ref idref="fl-3"/>
      </object_component>
      <object_component id="oc-2f">
         <name>.debug_info</name>
         <load_address>0x441e</load_address>
         <run_address>0x441e</run_address>
         <size>0x2c0</size>
         <input_file_ref idref="fl-4"/>
      </object_component>
      <object_component id="oc-13">
         <name>.debug_info</name>
         <load_address>0x46de</load_address>
         <run_address>0x46de</run_address>
         <size>0xff</size>
         <input_file_ref idref="fl-4"/>
      </object_component>
      <object_component id="oc-28">
         <name>.debug_info</name>
         <load_address>0x47dd</load_address>
         <run_address>0x47dd</run_address>
         <size>0x27b</size>
         <input_file_ref idref="fl-4"/>
      </object_component>
      <object_component id="oc-36">
         <name>.debug_info</name>
         <load_address>0x4a58</load_address>
         <run_address>0x4a58</run_address>
         <size>0x84</size>
         <input_file_ref idref="fl-4"/>
      </object_component>
      <object_component id="oc-bf">
         <name>.debug_info</name>
         <load_address>0x4adc</load_address>
         <run_address>0x4adc</run_address>
         <size>0x2c</size>
         <input_file_ref idref="fl-d"/>
      </object_component>
      <object_component id="oc-258">
         <name>.debug_info</name>
         <load_address>0x4b08</load_address>
         <run_address>0x4b08</run_address>
         <size>0x453</size>
         <input_file_ref idref="fl-10"/>
      </object_component>
      <object_component id="oc-14a">
         <name>.debug_info</name>
         <load_address>0x4f5b</load_address>
         <run_address>0x4f5b</run_address>
         <size>0x2a4e</size>
         <input_file_ref idref="fl-10"/>
      </object_component>
      <object_component id="oc-353">
         <name>.debug_info</name>
         <load_address>0x79a9</load_address>
         <run_address>0x79a9</run_address>
         <size>0x326</size>
         <input_file_ref idref="fl-11"/>
      </object_component>
      <object_component id="oc-293">
         <name>.debug_info</name>
         <load_address>0x7ccf</load_address>
         <run_address>0x7ccf</run_address>
         <size>0xed</size>
         <input_file_ref idref="fl-11"/>
      </object_component>
      <object_component id="oc-28e">
         <name>.debug_info</name>
         <load_address>0x7dbc</load_address>
         <run_address>0x7dbc</run_address>
         <size>0xef</size>
         <input_file_ref idref="fl-11"/>
      </object_component>
      <object_component id="oc-160">
         <name>.debug_info</name>
         <load_address>0x7eab</load_address>
         <run_address>0x7eab</run_address>
         <size>0xf0</size>
         <input_file_ref idref="fl-11"/>
      </object_component>
      <object_component id="oc-15d">
         <name>.debug_info</name>
         <load_address>0x7f9b</load_address>
         <run_address>0x7f9b</run_address>
         <size>0xf2</size>
         <input_file_ref idref="fl-11"/>
      </object_component>
      <object_component id="oc-287">
         <name>.debug_info</name>
         <load_address>0x808d</load_address>
         <run_address>0x808d</run_address>
         <size>0x67c</size>
         <input_file_ref idref="fl-13"/>
      </object_component>
      <object_component id="oc-284">
         <name>.debug_info</name>
         <load_address>0x8709</load_address>
         <run_address>0x8709</run_address>
         <size>0x1aa</size>
         <input_file_ref idref="fl-13"/>
      </object_component>
      <object_component id="oc-151">
         <name>.debug_info</name>
         <load_address>0x88b3</load_address>
         <run_address>0x88b3</run_address>
         <size>0xb00</size>
         <input_file_ref idref="fl-13"/>
      </object_component>
      <object_component id="oc-33f">
         <name>.debug_info</name>
         <load_address>0x93b3</load_address>
         <run_address>0x93b3</run_address>
         <size>0x48</size>
         <input_file_ref idref="fl-13"/>
      </object_component>
      <object_component id="oc-328">
         <name>.debug_info</name>
         <load_address>0x93fb</load_address>
         <run_address>0x93fb</run_address>
         <size>0x5b9</size>
         <input_file_ref idref="fl-14"/>
      </object_component>
      <object_component id="oc-23d">
         <name>.debug_info</name>
         <load_address>0x99b4</load_address>
         <run_address>0x99b4</run_address>
         <size>0xb6f</size>
         <input_file_ref idref="fl-14"/>
      </object_component>
      <object_component id="oc-21d">
         <name>.debug_info</name>
         <load_address>0xa523</load_address>
         <run_address>0xa523</run_address>
         <size>0x386</size>
         <input_file_ref idref="fl-15"/>
      </object_component>
      <object_component id="oc-217">
         <name>.debug_info</name>
         <load_address>0xa8a9</load_address>
         <run_address>0xa8a9</run_address>
         <size>0xea</size>
         <input_file_ref idref="fl-15"/>
      </object_component>
      <object_component id="oc-21a">
         <name>.debug_info</name>
         <load_address>0xa993</load_address>
         <run_address>0xa993</run_address>
         <size>0xea</size>
         <input_file_ref idref="fl-15"/>
      </object_component>
      <object_component id="oc-132">
         <name>.debug_info</name>
         <load_address>0xaa7d</load_address>
         <run_address>0xaa7d</run_address>
         <size>0x920</size>
         <input_file_ref idref="fl-15"/>
      </object_component>
      <object_component id="oc-26d">
         <name>.debug_info</name>
         <load_address>0xb39d</load_address>
         <run_address>0xb39d</run_address>
         <size>0x23a</size>
         <input_file_ref idref="fl-17"/>
      </object_component>
      <object_component id="oc-1b5">
         <name>.debug_info</name>
         <load_address>0xb5d7</load_address>
         <run_address>0xb5d7</run_address>
         <size>0x3e4</size>
         <input_file_ref idref="fl-1f"/>
      </object_component>
      <object_component id="oc-393">
         <name>.debug_info</name>
         <load_address>0xb9bb</load_address>
         <run_address>0xb9bb</run_address>
         <size>0x170</size>
         <input_file_ref idref="fl-1f"/>
      </object_component>
      <object_component id="oc-396">
         <name>.debug_info</name>
         <load_address>0xbb2b</load_address>
         <run_address>0xbb2b</run_address>
         <size>0x172</size>
         <input_file_ref idref="fl-1f"/>
      </object_component>
      <object_component id="oc-1e7">
         <name>.debug_info</name>
         <load_address>0xbc9d</load_address>
         <run_address>0xbc9d</run_address>
         <size>0x164</size>
         <input_file_ref idref="fl-1f"/>
      </object_component>
      <object_component id="oc-d0">
         <name>.debug_info</name>
         <load_address>0xbe01</load_address>
         <run_address>0xbe01</run_address>
         <size>0x2ac</size>
         <input_file_ref idref="fl-1f"/>
      </object_component>
      <object_component id="oc-1c1">
         <name>.debug_info</name>
         <load_address>0xc0ad</load_address>
         <run_address>0xc0ad</run_address>
         <size>0x2bc</size>
         <input_file_ref idref="fl-1f"/>
      </object_component>
      <object_component id="oc-1bb">
         <name>.debug_info</name>
         <load_address>0xc369</load_address>
         <run_address>0xc369</run_address>
         <size>0x31f</size>
         <input_file_ref idref="fl-1f"/>
      </object_component>
      <object_component id="oc-119">
         <name>.debug_info</name>
         <load_address>0xc688</load_address>
         <run_address>0xc688</run_address>
         <size>0x29b</size>
         <input_file_ref idref="fl-1f"/>
      </object_component>
      <object_component id="oc-305">
         <name>.debug_info</name>
         <load_address>0xc923</load_address>
         <run_address>0xc923</run_address>
         <size>0x29f</size>
         <input_file_ref idref="fl-1f"/>
      </object_component>
      <object_component id="oc-30b">
         <name>.debug_info</name>
         <load_address>0xcbc2</load_address>
         <run_address>0xcbc2</run_address>
         <size>0x299</size>
         <input_file_ref idref="fl-1f"/>
      </object_component>
      <object_component id="oc-dd">
         <name>.debug_info</name>
         <load_address>0xce5b</load_address>
         <run_address>0xce5b</run_address>
         <size>0x2c0</size>
         <input_file_ref idref="fl-1f"/>
      </object_component>
      <object_component id="oc-107">
         <name>.debug_info</name>
         <load_address>0xd11b</load_address>
         <run_address>0xd11b</run_address>
         <size>0x299</size>
         <input_file_ref idref="fl-1f"/>
      </object_component>
      <object_component id="oc-ca">
         <name>.debug_info</name>
         <load_address>0xd3b4</load_address>
         <run_address>0xd3b4</run_address>
         <size>0x284</size>
         <input_file_ref idref="fl-1f"/>
      </object_component>
      <object_component id="oc-101">
         <name>.debug_info</name>
         <load_address>0xd638</load_address>
         <run_address>0xd638</run_address>
         <size>0x289</size>
         <input_file_ref idref="fl-1f"/>
      </object_component>
      <object_component id="oc-346">
         <name>.debug_info</name>
         <load_address>0xd8c1</load_address>
         <run_address>0xd8c1</run_address>
         <size>0x2a1</size>
         <input_file_ref idref="fl-1f"/>
      </object_component>
      <object_component id="oc-27a">
         <name>.debug_info</name>
         <load_address>0xdb62</load_address>
         <run_address>0xdb62</run_address>
         <size>0x2c4</size>
         <input_file_ref idref="fl-1f"/>
      </object_component>
      <object_component id="oc-261">
         <name>.debug_info</name>
         <load_address>0xde26</load_address>
         <run_address>0xde26</run_address>
         <size>0x288</size>
         <input_file_ref idref="fl-1f"/>
      </object_component>
      <object_component id="oc-273">
         <name>.debug_info</name>
         <load_address>0xe0ae</load_address>
         <run_address>0xe0ae</run_address>
         <size>0x2d8</size>
         <input_file_ref idref="fl-1f"/>
      </object_component>
      <object_component id="oc-27f">
         <name>.debug_info</name>
         <load_address>0xe386</load_address>
         <run_address>0xe386</run_address>
         <size>0x298</size>
         <input_file_ref idref="fl-1f"/>
      </object_component>
      <object_component id="oc-25b">
         <name>.debug_info</name>
         <load_address>0xe61e</load_address>
         <run_address>0xe61e</run_address>
         <size>0x296</size>
         <input_file_ref idref="fl-1f"/>
      </object_component>
      <object_component id="oc-2be">
         <name>.debug_info</name>
         <load_address>0xe8b4</load_address>
         <run_address>0xe8b4</run_address>
         <size>0x26b</size>
         <input_file_ref idref="fl-1f"/>
      </object_component>
      <object_component id="oc-2b7">
         <name>.debug_info</name>
         <load_address>0xeb1f</load_address>
         <run_address>0xeb1f</run_address>
         <size>0x297</size>
         <input_file_ref idref="fl-1f"/>
      </object_component>
      <object_component id="oc-2c9">
         <name>.debug_info</name>
         <load_address>0xedb6</load_address>
         <run_address>0xedb6</run_address>
         <size>0xef</size>
         <input_file_ref idref="fl-1f"/>
      </object_component>
      <object_component id="oc-1b0">
         <name>.debug_info</name>
         <load_address>0xeea5</load_address>
         <run_address>0xeea5</run_address>
         <size>0xbb</size>
         <input_file_ref idref="fl-1f"/>
      </object_component>
      <object_component id="oc-32a">
         <name>.debug_info</name>
         <load_address>0xef60</load_address>
         <run_address>0xef60</run_address>
         <size>0x3d5</size>
         <input_file_ref idref="fl-20"/>
      </object_component>
      <object_component id="oc-247">
         <name>.debug_info</name>
         <load_address>0xf335</load_address>
         <run_address>0xf335</run_address>
         <size>0x2d7</size>
         <input_file_ref idref="fl-20"/>
      </object_component>
      <object_component id="oc-385">
         <name>.debug_info</name>
         <load_address>0xf60c</load_address>
         <run_address>0xf60c</run_address>
         <size>0x257</size>
         <input_file_ref idref="fl-20"/>
      </object_component>
      <object_component id="oc-311">
         <name>.debug_info</name>
         <load_address>0xf863</load_address>
         <run_address>0xf863</run_address>
         <size>0x2f1</size>
         <input_file_ref idref="fl-20"/>
      </object_component>
      <object_component id="oc-253">
         <name>.debug_info</name>
         <load_address>0xfb54</load_address>
         <run_address>0xfb54</run_address>
         <size>0x272</size>
         <input_file_ref idref="fl-20"/>
      </object_component>
      <object_component id="oc-317">
         <name>.debug_info</name>
         <load_address>0xfdc6</load_address>
         <run_address>0xfdc6</run_address>
         <size>0x287</size>
         <input_file_ref idref="fl-20"/>
      </object_component>
      <object_component id="oc-323">
         <name>.debug_info</name>
         <load_address>0x1004d</load_address>
         <run_address>0x1004d</run_address>
         <size>0x25d</size>
         <input_file_ref idref="fl-20"/>
      </object_component>
      <object_component id="oc-24d">
         <name>.debug_info</name>
         <load_address>0x102aa</load_address>
         <run_address>0x102aa</run_address>
         <size>0x287</size>
         <input_file_ref idref="fl-20"/>
      </object_component>
      <object_component id="oc-241">
         <name>.debug_info</name>
         <load_address>0x10531</load_address>
         <run_address>0x10531</run_address>
         <size>0x257</size>
         <input_file_ref idref="fl-20"/>
      </object_component>
      <object_component id="oc-31d">
         <name>.debug_info</name>
         <load_address>0x10788</load_address>
         <run_address>0x10788</run_address>
         <size>0x25d</size>
         <input_file_ref idref="fl-20"/>
      </object_component>
      <object_component id="oc-1f3">
         <name>.debug_info</name>
         <load_address>0x109e5</load_address>
         <run_address>0x109e5</run_address>
         <size>0x3b7</size>
         <input_file_ref idref="fl-21"/>
      </object_component>
      <object_component id="oc-1f0">
         <name>.debug_info</name>
         <load_address>0x10d9c</load_address>
         <run_address>0x10d9c</run_address>
         <size>0x15b</size>
         <input_file_ref idref="fl-21"/>
      </object_component>
      <object_component id="oc-2d7">
         <name>.debug_info</name>
         <load_address>0x10ef7</load_address>
         <run_address>0x10ef7</run_address>
         <size>0x161</size>
         <input_file_ref idref="fl-21"/>
      </object_component>
      <object_component id="oc-2d3">
         <name>.debug_info</name>
         <load_address>0x11058</load_address>
         <run_address>0x11058</run_address>
         <size>0x160</size>
         <input_file_ref idref="fl-21"/>
      </object_component>
      <object_component id="oc-2dd">
         <name>.debug_info</name>
         <load_address>0x111b8</load_address>
         <run_address>0x111b8</run_address>
         <size>0x22e</size>
         <input_file_ref idref="fl-21"/>
      </object_component>
      <object_component id="oc-1d9">
         <name>.debug_info</name>
         <load_address>0x113e6</load_address>
         <run_address>0x113e6</run_address>
         <size>0x279</size>
         <input_file_ref idref="fl-21"/>
      </object_component>
      <object_component id="oc-1cd">
         <name>.debug_info</name>
         <load_address>0x1165f</load_address>
         <run_address>0x1165f</run_address>
         <size>0x2ca</size>
         <input_file_ref idref="fl-21"/>
      </object_component>
      <object_component id="oc-145">
         <name>.debug_info</name>
         <load_address>0x11929</load_address>
         <run_address>0x11929</run_address>
         <size>0x247</size>
         <input_file_ref idref="fl-21"/>
      </object_component>
      <object_component id="oc-268">
         <name>.debug_info</name>
         <load_address>0x11b70</load_address>
         <run_address>0x11b70</run_address>
         <size>0x249</size>
         <input_file_ref idref="fl-21"/>
      </object_component>
      <object_component id="oc-114">
         <name>.debug_info</name>
         <load_address>0x11db9</load_address>
         <run_address>0x11db9</run_address>
         <size>0x271</size>
         <input_file_ref idref="fl-21"/>
      </object_component>
      <object_component id="oc-1d4">
         <name>.debug_info</name>
         <load_address>0x1202a</load_address>
         <run_address>0x1202a</run_address>
         <size>0x273</size>
         <input_file_ref idref="fl-21"/>
      </object_component>
      <object_component id="oc-1b8">
         <name>.debug_info</name>
         <load_address>0x1229d</load_address>
         <run_address>0x1229d</run_address>
         <size>0x441</size>
         <input_file_ref idref="fl-22"/>
      </object_component>
      <object_component id="oc-1ec">
         <name>.debug_info</name>
         <load_address>0x126de</load_address>
         <run_address>0x126de</run_address>
         <size>0x156</size>
         <input_file_ref idref="fl-22"/>
      </object_component>
      <object_component id="oc-301">
         <name>.debug_info</name>
         <load_address>0x12834</load_address>
         <run_address>0x12834</run_address>
         <size>0x29e</size>
         <input_file_ref idref="fl-22"/>
      </object_component>
      <object_component id="oc-d9">
         <name>.debug_info</name>
         <load_address>0x12ad2</load_address>
         <run_address>0x12ad2</run_address>
         <size>0x286</size>
         <input_file_ref idref="fl-22"/>
      </object_component>
      <object_component id="oc-13f">
         <name>.debug_info</name>
         <load_address>0x12d58</load_address>
         <run_address>0x12d58</run_address>
         <size>0x2e4</size>
         <input_file_ref idref="fl-22"/>
      </object_component>
      <object_component id="oc-10e">
         <name>.debug_info</name>
         <load_address>0x1303c</load_address>
         <run_address>0x1303c</run_address>
         <size>0x2be</size>
         <input_file_ref idref="fl-22"/>
      </object_component>
      <object_component id="oc-2c5">
         <name>.debug_info</name>
         <load_address>0x132fa</load_address>
         <run_address>0x132fa</run_address>
         <size>0x51</size>
         <input_file_ref idref="fl-22"/>
      </object_component>
      <object_component id="oc-1c7">
         <name>.debug_info</name>
         <load_address>0x1334b</load_address>
         <run_address>0x1334b</run_address>
         <size>0x3cb</size>
         <input_file_ref idref="fl-23"/>
      </object_component>
      <object_component id="oc-2ee">
         <name>.debug_info</name>
         <load_address>0x13716</load_address>
         <run_address>0x13716</run_address>
         <size>0x160</size>
         <input_file_ref idref="fl-23"/>
      </object_component>
      <object_component id="oc-2f1">
         <name>.debug_info</name>
         <load_address>0x13876</load_address>
         <run_address>0x13876</run_address>
         <size>0x172</size>
         <input_file_ref idref="fl-23"/>
      </object_component>
      <object_component id="oc-20d">
         <name>.debug_info</name>
         <load_address>0x139e8</load_address>
         <run_address>0x139e8</run_address>
         <size>0x25c</size>
         <input_file_ref idref="fl-23"/>
      </object_component>
      <object_component id="oc-205">
         <name>.debug_info</name>
         <load_address>0x13c44</load_address>
         <run_address>0x13c44</run_address>
         <size>0x287</size>
         <input_file_ref idref="fl-23"/>
      </object_component>
      <object_component id="oc-e4">
         <name>.debug_info</name>
         <load_address>0x13ecb</load_address>
         <run_address>0x13ecb</run_address>
         <size>0x288</size>
         <input_file_ref idref="fl-23"/>
      </object_component>
      <object_component id="oc-125">
         <name>.debug_info</name>
         <load_address>0x14153</load_address>
         <run_address>0x14153</run_address>
         <size>0x2cc</size>
         <input_file_ref idref="fl-23"/>
      </object_component>
      <object_component id="oc-12b">
         <name>.debug_info</name>
         <load_address>0x1441f</load_address>
         <run_address>0x1441f</run_address>
         <size>0x298</size>
         <input_file_ref idref="fl-23"/>
      </object_component>
      <object_component id="oc-e9">
         <name>.debug_info</name>
         <load_address>0x146b7</load_address>
         <run_address>0x146b7</run_address>
         <size>0x296</size>
         <input_file_ref idref="fl-23"/>
      </object_component>
      <object_component id="oc-1fd">
         <name>.debug_info</name>
         <load_address>0x1494d</load_address>
         <run_address>0x1494d</run_address>
         <size>0x250</size>
         <input_file_ref idref="fl-23"/>
      </object_component>
      <object_component id="oc-1f6">
         <name>.debug_info</name>
         <load_address>0x14b9d</load_address>
         <run_address>0x14b9d</run_address>
         <size>0x252</size>
         <input_file_ref idref="fl-23"/>
      </object_component>
      <object_component id="oc-11e">
         <name>.debug_info</name>
         <load_address>0x14def</load_address>
         <run_address>0x14def</run_address>
         <size>0x32f</size>
         <input_file_ref idref="fl-23"/>
      </object_component>
      <object_component id="oc-f4">
         <name>.debug_info</name>
         <load_address>0x1511e</load_address>
         <run_address>0x1511e</run_address>
         <size>0x25c</size>
         <input_file_ref idref="fl-23"/>
      </object_component>
      <object_component id="oc-211">
         <name>.debug_info</name>
         <load_address>0x1537a</load_address>
         <run_address>0x1537a</run_address>
         <size>0x296</size>
         <input_file_ref idref="fl-23"/>
      </object_component>
      <object_component id="oc-ee">
         <name>.debug_info</name>
         <load_address>0x15610</load_address>
         <run_address>0x15610</run_address>
         <size>0x26c</size>
         <input_file_ref idref="fl-23"/>
      </object_component>
      <object_component id="oc-234">
         <name>.debug_info</name>
         <load_address>0x1587c</load_address>
         <run_address>0x1587c</run_address>
         <size>0x21b</size>
         <input_file_ref idref="fl-24"/>
      </object_component>
      <object_component id="oc-33a">
         <name>.debug_info</name>
         <load_address>0x15a97</load_address>
         <run_address>0x15a97</run_address>
         <size>0x218</size>
         <input_file_ref idref="fl-24"/>
      </object_component>
      <object_component id="oc-3e">
         <name>.debug_info</name>
         <load_address>0x15caf</load_address>
         <run_address>0x15caf</run_address>
         <size>0x119</size>
         <input_file_ref idref="fl-da"/>
      </object_component>
      <object_component id="oc-90">
         <name>.debug_info</name>
         <load_address>0x15dc8</load_address>
         <run_address>0x15dc8</run_address>
         <size>0x147</size>
         <input_file_ref idref="fl-db"/>
      </object_component>
      <object_component id="oc-8e">
         <name>.debug_info</name>
         <load_address>0x15f0f</load_address>
         <run_address>0x15f0f</run_address>
         <size>0x2d4</size>
         <input_file_ref idref="fl-dd"/>
      </object_component>
      <object_component id="oc-4e">
         <name>.debug_info</name>
         <load_address>0x161e3</load_address>
         <run_address>0x161e3</run_address>
         <size>0x1b5</size>
         <input_file_ref idref="fl-dd"/>
      </object_component>
      <object_component id="oc-89">
         <name>.debug_info</name>
         <load_address>0x16398</load_address>
         <run_address>0x16398</run_address>
         <size>0x46</size>
         <input_file_ref idref="fl-dd"/>
      </object_component>
      <object_component id="oc-46">
         <name>.debug_info</name>
         <load_address>0x163de</load_address>
         <run_address>0x163de</run_address>
         <size>0x2a8</size>
         <input_file_ref idref="fl-de"/>
      </object_component>
      <object_component id="oc-1d">
         <name>.debug_info</name>
         <load_address>0x16686</load_address>
         <run_address>0x16686</run_address>
         <size>0x1ea</size>
         <input_file_ref idref="fl-de"/>
      </object_component>
      <object_component id="oc-41">
         <name>.debug_info</name>
         <load_address>0x16870</load_address>
         <run_address>0x16870</run_address>
         <size>0x46</size>
         <input_file_ref idref="fl-de"/>
      </object_component>
      <object_component id="oc-81">
         <name>.debug_info</name>
         <load_address>0x168b6</load_address>
         <run_address>0x168b6</run_address>
         <size>0x2c</size>
         <input_file_ref idref="fl-de"/>
      </object_component>
      <object_component id="oc-7f">
         <name>.debug_info</name>
         <load_address>0x168e2</load_address>
         <run_address>0x168e2</run_address>
         <size>0x29e</size>
         <input_file_ref idref="fl-df"/>
      </object_component>
      <object_component id="oc-17">
         <name>.debug_info</name>
         <load_address>0x16b80</load_address>
         <run_address>0x16b80</run_address>
         <size>0x250</size>
         <input_file_ref idref="fl-df"/>
      </object_component>
      <object_component id="oc-31">
         <name>.debug_info</name>
         <load_address>0x16dd0</load_address>
         <run_address>0x16dd0</run_address>
         <size>0x60</size>
         <input_file_ref idref="fl-df"/>
      </object_component>
      <object_component id="oc-b8">
         <name>.debug_info</name>
         <load_address>0x16e30</load_address>
         <run_address>0x16e30</run_address>
         <size>0x46</size>
         <input_file_ref idref="fl-df"/>
      </object_component>
      <object_component id="oc-7a">
         <name>.debug_info</name>
         <load_address>0x16e76</load_address>
         <run_address>0x16e76</run_address>
         <size>0x39</size>
         <input_file_ref idref="fl-df"/>
      </object_component>
      <object_component id="oc-25">
         <name>.debug_info</name>
         <load_address>0x16eaf</load_address>
         <run_address>0x16eaf</run_address>
         <size>0x10b</size>
         <input_file_ref idref="fl-e1"/>
      </object_component>
      <object_component id="oc-5d">
         <name>.debug_info</name>
         <load_address>0x16fba</load_address>
         <run_address>0x16fba</run_address>
         <size>0x1a9</size>
         <input_file_ref idref="fl-e1"/>
      </object_component>
      <object_component id="oc-2a2">
         <name>.debug_info</name>
         <load_address>0x17163</load_address>
         <run_address>0x17163</run_address>
         <size>0x4b3</size>
         <input_file_ref idref="fl-e3"/>
      </object_component>
      <object_component id="oc-179">
         <name>.debug_info</name>
         <load_address>0x17616</load_address>
         <run_address>0x17616</run_address>
         <size>0x1a6</size>
         <input_file_ref idref="fl-e3"/>
      </object_component>
      <object_component id="oc-366">
         <name>.debug_info</name>
         <load_address>0x177bc</load_address>
         <run_address>0x177bc</run_address>
         <size>0x39</size>
         <input_file_ref idref="fl-e3"/>
      </object_component>
      <object_component id="oc-39e">
         <name>.debug_info</name>
         <load_address>0x177f5</load_address>
         <run_address>0x177f5</run_address>
         <size>0x39</size>
         <input_file_ref idref="fl-e3"/>
      </object_component>
      <object_component id="oc-36b">
         <name>.debug_info</name>
         <load_address>0x1782e</load_address>
         <run_address>0x1782e</run_address>
         <size>0x39</size>
         <input_file_ref idref="fl-e3"/>
      </object_component>
      <object_component id="oc-370">
         <name>.debug_info</name>
         <load_address>0x17867</load_address>
         <run_address>0x17867</run_address>
         <size>0xcd</size>
         <input_file_ref idref="fl-e3"/>
      </object_component>
      <object_component id="oc-96">
         <name>.debug_info</name>
         <load_address>0x17934</load_address>
         <run_address>0x17934</run_address>
         <size>0x153</size>
         <input_file_ref idref="fl-e4"/>
      </object_component>
      <object_component id="oc-16e">
         <name>.debug_info</name>
         <load_address>0x17a87</load_address>
         <run_address>0x17a87</run_address>
         <size>0x122</size>
         <input_file_ref idref="fl-e6"/>
      </object_component>
      <object_component id="oc-3df">
         <name>.debug_info</name>
         <load_address>0x17ba9</load_address>
         <run_address>0x17ba9</run_address>
         <size>0xb2</size>
      </object_component>
      <object_component id="oc-1a9">
         <name>.debug_line</name>
         <load_address>0x0</load_address>
         <run_address>0x0</run_address>
         <size>0x7c</size>
         <input_file_ref idref="fl-2"/>
      </object_component>
      <object_component id="oc-2e2">
         <name>.debug_line</name>
         <load_address>0x7c</load_address>
         <run_address>0x7c</run_address>
         <size>0x2c</size>
         <input_file_ref idref="fl-2"/>
      </object_component>
      <object_component id="oc-fd">
         <name>.debug_line</name>
         <load_address>0xa8</load_address>
         <run_address>0xa8</run_address>
         <size>0x63a</size>
         <input_file_ref idref="fl-2"/>
      </object_component>
      <object_component id="oc-1ad">
         <name>.debug_line</name>
         <load_address>0x6e2</load_address>
         <run_address>0x6e2</run_address>
         <size>0x76</size>
         <input_file_ref idref="fl-2"/>
      </object_component>
      <object_component id="oc-73">
         <name>.debug_line</name>
         <load_address>0x758</load_address>
         <run_address>0x758</run_address>
         <size>0x85</size>
         <input_file_ref idref="fl-2"/>
      </object_component>
      <object_component id="oc-b5">
         <name>.debug_line</name>
         <load_address>0x7dd</load_address>
         <run_address>0x7dd</run_address>
         <size>0x20</size>
         <input_file_ref idref="fl-2"/>
      </object_component>
      <object_component id="oc-b0">
         <name>.debug_line</name>
         <load_address>0x7fd</load_address>
         <run_address>0x7fd</run_address>
         <size>0x89</size>
         <input_file_ref idref="fl-2"/>
      </object_component>
      <object_component id="oc-1e4">
         <name>.debug_line</name>
         <load_address>0x886</load_address>
         <run_address>0x886</run_address>
         <size>0x85</size>
         <input_file_ref idref="fl-2"/>
      </object_component>
      <object_component id="oc-78">
         <name>.debug_line</name>
         <load_address>0x90b</load_address>
         <run_address>0x90b</run_address>
         <size>0x86</size>
         <input_file_ref idref="fl-2"/>
      </object_component>
      <object_component id="oc-221">
         <name>.debug_line</name>
         <load_address>0x991</load_address>
         <run_address>0x991</run_address>
         <size>0x254</size>
         <input_file_ref idref="fl-3"/>
      </object_component>
      <object_component id="oc-28c">
         <name>.debug_line</name>
         <load_address>0xbe5</load_address>
         <run_address>0xbe5</run_address>
         <size>0x39</size>
         <input_file_ref idref="fl-3"/>
      </object_component>
      <object_component id="oc-21f">
         <name>.debug_line</name>
         <load_address>0xc1e</load_address>
         <run_address>0xc1e</run_address>
         <size>0x2d</size>
         <input_file_ref idref="fl-3"/>
      </object_component>
      <object_component id="oc-a0">
         <name>.debug_line</name>
         <load_address>0xc4b</load_address>
         <run_address>0xc4b</run_address>
         <size>0x28d</size>
         <input_file_ref idref="fl-3"/>
      </object_component>
      <object_component id="oc-225">
         <name>.debug_line</name>
         <load_address>0xed8</load_address>
         <run_address>0xed8</run_address>
         <size>0x42</size>
         <input_file_ref idref="fl-3"/>
      </object_component>
      <object_component id="oc-22a">
         <name>.debug_line</name>
         <load_address>0xf1a</load_address>
         <run_address>0xf1a</run_address>
         <size>0x37</size>
         <input_file_ref idref="fl-3"/>
      </object_component>
      <object_component id="oc-333">
         <name>.debug_line</name>
         <load_address>0xf51</load_address>
         <run_address>0xf51</run_address>
         <size>0x81</size>
         <input_file_ref idref="fl-3"/>
      </object_component>
      <object_component id="oc-22f">
         <name>.debug_line</name>
         <load_address>0xfd2</load_address>
         <run_address>0xfd2</run_address>
         <size>0x8a</size>
         <input_file_ref idref="fl-3"/>
      </object_component>
      <object_component id="oc-6f">
         <name>.debug_line</name>
         <load_address>0x105c</load_address>
         <run_address>0x105c</run_address>
         <size>0x41</size>
         <input_file_ref idref="fl-4"/>
      </object_component>
      <object_component id="oc-2e">
         <name>.debug_line</name>
         <load_address>0x109d</load_address>
         <run_address>0x109d</run_address>
         <size>0x41</size>
         <input_file_ref idref="fl-4"/>
      </object_component>
      <object_component id="oc-2c">
         <name>.debug_line</name>
         <load_address>0x10de</load_address>
         <run_address>0x10de</run_address>
         <size>0xa1</size>
         <input_file_ref idref="fl-4"/>
      </object_component>
      <object_component id="oc-39">
         <name>.debug_line</name>
         <load_address>0x117f</load_address>
         <run_address>0x117f</run_address>
         <size>0x20</size>
         <input_file_ref idref="fl-4"/>
      </object_component>
      <object_component id="oc-c2">
         <name>.debug_line</name>
         <load_address>0x119f</load_address>
         <run_address>0x119f</run_address>
         <size>0x81</size>
         <input_file_ref idref="fl-d"/>
      </object_component>
      <object_component id="oc-32f">
         <name>.debug_line</name>
         <load_address>0x1220</load_address>
         <run_address>0x1220</run_address>
         <size>0x12c</size>
         <input_file_ref idref="fl-10"/>
      </object_component>
      <object_component id="oc-14d">
         <name>.debug_line</name>
         <load_address>0x134c</load_address>
         <run_address>0x134c</run_address>
         <size>0x5fd</size>
         <input_file_ref idref="fl-10"/>
      </object_component>
      <object_component id="oc-39a">
         <name>.debug_line</name>
         <load_address>0x1949</load_address>
         <run_address>0x1949</run_address>
         <size>0x81</size>
         <input_file_ref idref="fl-11"/>
      </object_component>
      <object_component id="oc-355">
         <name>.debug_line</name>
         <load_address>0x19ca</load_address>
         <run_address>0x19ca</run_address>
         <size>0x37</size>
         <input_file_ref idref="fl-11"/>
      </object_component>
      <object_component id="oc-352">
         <name>.debug_line</name>
         <load_address>0x1a01</load_address>
         <run_address>0x1a01</run_address>
         <size>0x37</size>
         <input_file_ref idref="fl-11"/>
      </object_component>
      <object_component id="oc-296">
         <name>.debug_line</name>
         <load_address>0x1a38</load_address>
         <run_address>0x1a38</run_address>
         <size>0x37</size>
         <input_file_ref idref="fl-11"/>
      </object_component>
      <object_component id="oc-291">
         <name>.debug_line</name>
         <load_address>0x1a6f</load_address>
         <run_address>0x1a6f</run_address>
         <size>0x37</size>
         <input_file_ref idref="fl-11"/>
      </object_component>
      <object_component id="oc-350">
         <name>.debug_line</name>
         <load_address>0x1aa6</load_address>
         <run_address>0x1aa6</run_address>
         <size>0x212</size>
         <input_file_ref idref="fl-13"/>
      </object_component>
      <object_component id="oc-34e">
         <name>.debug_line</name>
[...]
         <value>0xda1</value>
         <object_component_ref idref="oc-149"/>
      </symbol>
      <symbol id="sm-271">
         <name>SSD1306_Putc</name>
         <value>0x86f</value>
         <object_component_ref idref="oc-149"/>
      </symbol>
      <symbol id="sm-272">
         <name>SSD1306_Puts</name>
         <value>0x951</value>
         <object_component_ref idref="oc-149"/>
      </symbol>
      <symbol id="sm-273">
         <name>SSD1306_DrawFilledRectangle</name>
         <value>0xcf5</value>
         <object_component_ref idref="oc-149"/>
      </symbol>
      <symbol id="sm-274">
         <name>SSD1306_Stopscroll</name>
         <value>0x5bd</value>
         <object_component_ref idref="oc-149"/>
      </symbol>
      <symbol id="sm-275">
         <name>SSD1306_Scrolldiagleft</name>
         <value>0x55b</value>
         <object_component_ref idref="oc-149"/>
      </symbol>
      <symbol id="sm-276">
         <name>SSD1306_InvertDisplay</name>
         <value>0x5cb</value>
         <object_component_ref idref="oc-149"/>
      </symbol>
      <symbol id="sm-277">
         <name>SSD1306_DrawFilledCircle</name>
         <value>0x1221</value>
         <object_component_ref idref="oc-149"/>
      </symbol>
      <symbol id="sm-278">
         <name>SSD1306_DrawRectangle</name>
         <value>0xbf1</value>
         <object_component_ref idref="oc-149"/>
      </symbol>
      <symbol id="sm-279">
         <name>SSD1306_ON</name>
         <value>0x1453</value>
         <object_component_ref idref="oc-149"/>
      </symbol>
      <symbol id="sm-27a">
         <name>SSD1306_ScrollRight</name>
         <value>0x455</value>
         <object_component_ref idref="oc-149"/>
      </symbol>
      <symbol id="sm-27b">
         <name>SSD1306_GotoXY</name>
         <value>0x84b</value>
         <object_component_ref idref="oc-149"/>
      </symbol>
      <symbol id="sm-27c">
         <name>SSD1306_DrawPixel</name>
         <value>0x797</value>
         <object_component_ref idref="oc-149"/>
      </symbol>
      <symbol id="sm-27d">
         <name>SSD1306_Init</name>
         <value>0x30b</value>
         <object_component_ref idref="oc-149"/>
      </symbol>
      <symbol id="sm-27e">
         <name>SSD1306_ToggleInvert</name>
         <value>0x71d</value>
         <object_component_ref idref="oc-149"/>
      </symbol>
      <symbol id="sm-27f">
         <name>SSD1306_DrawBitmap</name>
         <value>0x5ed</value>
         <object_component_ref idref="oc-149"/>
      </symbol>
      <symbol id="sm-280">
         <name>SSD1306_ScrollLeft</name>
         <value>0x4a7</value>
         <object_component_ref idref="oc-149"/>
      </symbol>
      <symbol id="sm-281">
         <name>SSD1306_OFF</name>
         <value>0x1471</value>
         <object_component_ref idref="oc-149"/>
      </symbol>
      <symbol id="sm-282">
         <name>SSD1306_DrawLine</name>
         <value>0x997</value>
         <object_component_ref idref="oc-149"/>
      </symbol>
      <symbol id="sm-283">
         <name>SSD1306_Fill</name>
         <value>0x775</value>
         <object_component_ref idref="oc-149"/>
      </symbol>
      <symbol id="sm-284">
         <name>SSD1306_DrawFilledTriangle</name>
         <value>0xe03</value>
         <object_component_ref idref="oc-149"/>
      </symbol>
      <symbol id="sm-285">
         <name>SSD1306_Clear</name>
         <value>0x143f</value>
         <object_component_ref idref="oc-149"/>
      </symbol>
      <symbol id="sm-286">
         <name>SSD1306_Scrolldiagright</name>
         <value>0x4f9</value>
         <object_component_ref idref="oc-149"/>
      </symbol>
      <symbol id="sm-287">
         <name>SSD1306_DrawCircle</name>
         <value>0x101f</value>
         <object_component_ref idref="oc-149"/>
      </symbol>
      <symbol id="sm-288">
         <name>SSD1306_UpdateScreen</name>
         <value>0x6bb</value>
         <object_component_ref idref="oc-149"/>
      </symbol>
      <symbol id="sm-2a5">
         <name>Font7x10</name>
         <value>0x4a68</value>
         <object_component_ref idref="oc-292"/>
      </symbol>
      <symbol id="sm-2a6">
         <name>Font11x18</name>
         <value>0x3d0c</value>
         <object_component_ref idref="oc-28d"/>
      </symbol>
      <symbol id="sm-2a7">
         <name>Font_11x18</name>
         <value>0x20000d18</value>
         <object_component_ref idref="oc-15c"/>
      </symbol>
      <symbol id="sm-2a8">
         <name>Font_7x10</name>
         <value>0x20000d20</value>
         <object_component_ref idref="oc-15f"/>
      </symbol>
      <symbol id="sm-31a">
         <name>Value_char</name>
         <value>0x20000aec</value>
      </symbol>
      <symbol id="sm-31b">
         <name>SSD1306s</name>
         <value>0x20000692</value>
      </symbol>
      <symbol id="sm-31c">
         <name>COnfigure_CO2</name>
         <value>0x2941</value>
         <object_component_ref idref="oc-14f"/>
      </symbol>
      <symbol id="sm-31d">
         <name>sw2_m</name>
         <value>0x20000d2b</value>
         <object_component_ref idref="oc-283"/>
      </symbol>
      <symbol id="sm-31e">
         <name>BUTTON_CHANGEMODE_ISR</name>
         <value>0x2683</value>
         <object_component_ref idref="oc-14f"/>
      </symbol>
      <symbol id="sm-31f">
         <name>S_mode</name>
         <value>0x20000d28</value>
         <object_component_ref idref="oc-283"/>
      </symbol>
      <symbol id="sm-320">
         <name>DEFAULT</name>
         <value>0x2609</value>
         <object_component_ref idref="oc-14f"/>
      </symbol>
      <symbol id="sm-321">
         <name>sw1_m</name>
         <value>0x20000d2a</value>
         <object_component_ref idref="oc-283"/>
      </symbol>
      <symbol id="sm-322">
         <name>convertAndStore</name>
         <value>0x2623</value>
         <object_component_ref idref="oc-14f"/>
      </symbol>
      <symbol id="sm-323">
         <name>Value_Conf</name>
         <value>0x20000d2c</value>
         <object_component_ref idref="oc-283"/>
      </symbol>
      <symbol id="sm-324">
         <name>Position_move</name>
         <value>0x20000d2e</value>
         <object_component_ref idref="oc-283"/>
      </symbol>
      <symbol id="sm-325">
         <name>pass</name>
         <value>0x20000d2f</value>
         <object_component_ref idref="oc-283"/>
      </symbol>
      <symbol id="sm-326">
         <name>Switch_INT_init</name>
         <value>0x28fd</value>
         <object_component_ref idref="oc-14f"/>
      </symbol>
      <symbol id="sm-327">
         <name>sw0_m</name>
         <value>0x20000d29</value>
         <object_component_ref idref="oc-283"/>
      </symbol>
      <symbol id="sm-352">
         <name>I2C0_Write</name>
         <value>0x2e5f</value>
         <object_component_ref idref="oc-239"/>
      </symbol>
      <symbol id="sm-353">
         <name>I2C0_Send</name>
         <value>0x2cdd</value>
         <object_component_ref idref="oc-239"/>
      </symbol>
      <symbol id="sm-354">
         <name>I2C0_SendTwoBytes</name>
         <value>0x2e0b</value>
         <object_component_ref idref="oc-239"/>
      </symbol>
      <symbol id="sm-355">
         <name>I2C0_Init</name>
         <value>0x2c9d</value>
         <object_component_ref idref="oc-239"/>
      </symbol>
      <symbol id="sm-356">
         <name>I2C0_sendchar</name>
         <value>0x2d11</value>
         <object_component_ref idref="oc-239"/>
      </symbol>
      <symbol id="sm-357">
         <name>I2C0_Read</name>
         <value>0x2da9</value>
         <object_component_ref idref="oc-239"/>
      </symbol>
      <symbol id="sm-388">
         <name>pasco2_uart_read</name>
         <value>0x2f79</value>
         <object_component_ref idref="oc-12f"/>
      </symbol>
      <symbol id="sm-389">
         <name>pasco2_uart_init</name>
         <value>0x30f1</value>
         <object_component_ref idref="oc-12f"/>
      </symbol>
      <symbol id="sm-38a">
         <name>pasco2_set_measurement</name>
         <value>0x3119</value>
         <object_component_ref idref="oc-12f"/>
      </symbol>
      <symbol id="sm-38b">
         <name>pasco2_uart_write</name>
         <value>0x3021</value>
         <object_component_ref idref="oc-12f"/>
      </symbol>
      <symbol id="sm-3a3">
         <name>switchState</name>
         <value>0x35df</value>
         <object_component_ref idref="oc-26b"/>
      </symbol>
      <symbol id="sm-3a4">
         <name>switchInit</name>
         <value>0x35a9</value>
         <object_component_ref idref="oc-26b"/>
      </symbol>
      <symbol id="sm-46b">
         <name>GPIOIntRegister</name>
         <value>0x3b33</value>
         <object_component_ref idref="oc-271"/>
      </symbol>
      <symbol id="sm-46c">
         <name>GPIOPinConfigure</name>
         <value>0x3889</value>
         <object_component_ref idref="oc-ff"/>
      </symbol>
      <symbol id="sm-46d">
         <name>GPIOPinTypeI2CSCL</name>
         <value>0x3b8f</value>
         <object_component_ref idref="oc-303"/>
      </symbol>
      <symbol id="sm-46e">
         <name>GPIOIntEnable</name>
         <value>0x3c85</value>
         <object_component_ref idref="oc-27d"/>
      </symbol>
      <symbol id="sm-46f">
         <name>GPIOPinTypeI2C</name>
         <value>0x3b79</value>
         <object_component_ref idref="oc-309"/>
      </symbol>
      <symbol id="sm-470">
         <name>GPIOIntTypeSet</name>
         <value>0x37e1</value>
         <object_component_ref idref="oc-277"/>
      </symbol>
      <symbol id="sm-471">
         <name>GPIOIntClear</name>
         <value>0x3cdd</value>
         <object_component_ref idref="oc-259"/>
      </symbol>
      <symbol id="sm-472">
         <name>GPIOPinTypeUART</name>
         <value>0x3ba5</value>
         <object_component_ref idref="oc-117"/>
      </symbol>
      <symbol id="sm-473">
         <name>GPIOIntStatus</name>
         <value>0x3c19</value>
         <object_component_ref idref="oc-25f"/>
      </symbol>
      <symbol id="sm-474">
         <name>GPIOPinTypeGPIOOutput</name>
         <value>0x3b19</value>
         <object_component_ref idref="oc-db"/>
      </symbol>
      <symbol id="sm-475">
         <name>GPIOPinRead</name>
         <value>0x3ce3</value>
         <object_component_ref idref="oc-c8"/>
      </symbol>
      <symbol id="sm-476">
         <name>GPIODirModeSet</name>
         <value>0x3acd</value>
         <object_component_ref idref="oc-1bf"/>
      </symbol>
      <symbol id="sm-477">
         <name>GPIOPinWrite</name>
         <value>0x3ce9</value>
         <object_component_ref idref="oc-ce"/>
      </symbol>
      <symbol id="sm-478">
         <name>GPIOPadConfigSet</name>
         <value>0x3195</value>
         <object_component_ref idref="oc-1b9"/>
      </symbol>
      <symbol id="sm-479">
         <name>GPIOPinTypeCAN</name>
         <value>0x3b63</value>
         <object_component_ref idref="oc-105"/>
      </symbol>
      <symbol id="sm-4cd">
         <name>I2CMasterBusBusy</name>
         <value>0x3cbd</value>
         <object_component_ref idref="oc-31b"/>
      </symbol>
      <symbol id="sm-4ce">
         <name>I2CMasterDataPut</name>
         <value>0x3cfd</value>
         <object_component_ref idref="oc-315"/>
      </symbol>
      <symbol id="sm-4cf">
         <name>I2CMasterInitExpClk</name>
         <value>0x38d5</value>
         <object_component_ref idref="oc-30f"/>
      </symbol>
      <symbol id="sm-4d0">
         <name>I2CMasterSlaveAddrSet</name>
         <value>0x3ccd</value>
         <object_component_ref idref="oc-245"/>
      </symbol>
      <symbol id="sm-4d1">
         <name>I2CMasterDataGet</name>
         <value>0x3cf9</value>
         <object_component_ref idref="oc-321"/>
      </symbol>
      <symbol id="sm-4d2">
         <name>I2CMasterErr</name>
         <value>0x3bbb</value>
         <object_component_ref idref="oc-251"/>
      </symbol>
      <symbol id="sm-4d3">
         <name>I2CMasterControl</name>
         <value>0x3cf5</value>
         <object_component_ref idref="oc-24b"/>
      </symbol>
      <symbol id="sm-4d4">
         <name>I2CMasterBusy</name>
         <value>0x3cc5</value>
         <object_component_ref idref="oc-23f"/>
      </symbol>
      <symbol id="sm-4d5">
         <name>I2CMasterEnable</name>
         <value>0x3ca9</value>
         <object_component_ref idref="oc-383"/>
      </symbol>
      <symbol id="sm-547">
         <name>IntEnable</name>
         <value>0x3711</value>
         <object_component_ref idref="oc-111"/>
      </symbol>
      <symbol id="sm-548">
         <name>IntDisable</name>
         <value>0x36a9</value>
         <object_component_ref idref="oc-1d1"/>
      </symbol>
      <symbol id="sm-549">
         <name>IntRegister</name>
         <value>0x3a31</value>
         <object_component_ref idref="oc-1cb"/>
      </symbol>
      <symbol id="sm-54a">
         <name>IntMasterDisable</name>
         <value>0x3bf9</value>
         <object_component_ref idref="oc-265"/>
      </symbol>
      <symbol id="sm-54b">
         <name>IntUnregister</name>
         <value>0x3bd1</value>
         <object_component_ref idref="oc-1d7"/>
      </symbol>
      <symbol id="sm-54c">
         <name>g_pfnRAMVectors</name>
         <value>0x20000000</value>
         <object_component_ref idref="oc-2d2"/>
      </symbol>
      <symbol id="sm-54d">
         <name>IntMasterEnable</name>
         <value>0x3c09</value>
         <object_component_ref idref="oc-142"/>
      </symbol>
      <symbol id="sm-5ac">
         <name>SysCtlClockSet</name>
         <value>0x3419</value>
         <object_component_ref idref="oc-13c"/>
      </symbol>
      <symbol id="sm-5ad">
         <name>SysCtlDelay</name>
         <value>0x3cef</value>
         <object_component_ref idref="oc-d4"/>
      </symbol>
      <symbol id="sm-5ae">
         <name>SysCtlPeripheralEnable</name>
         <value>0x3a65</value>
         <object_component_ref idref="oc-d5"/>
      </symbol>
      <symbol id="sm-5af">
         <name>SysCtlClockGet</name>
         <value>0x3301</value>
         <object_component_ref idref="oc-10b"/>
      </symbol>
      <symbol id="sm-5b0">
         <name>SysCtlPeripheralReset</name>
         <value>0x3839</value>
         <object_component_ref idref="oc-2fd"/>
      </symbol>
      <symbol id="sm-630">
         <name>UARTCharPutNonBlocking</name>
         <value>0x3c35</value>
         <object_component_ref idref="oc-210"/>
      </symbol>
      <symbol id="sm-631">
         <name>UARTConfigSetExpClk</name>
         <value>0x3921</value>
         <object_component_ref idref="oc-11d"/>
      </symbol>
      <symbol id="sm-632">
         <name>UARTDisable</name>
         <value>0x3af9</value>
         <object_component_ref idref="oc-1f5"/>
      </symbol>
      <symbol id="sm-633">
         <name>UARTIntEnable</name>
         <value>0x3cd5</value>
         <object_component_ref idref="oc-129"/>
      </symbol>
      <symbol id="sm-634">
         <name>UARTCharsAvail</name>
         <value>0x3c43</value>
         <object_component_ref idref="oc-f3"/>
      </symbol>
      <symbol id="sm-635">
         <name>UARTCharGetNonBlocking</name>
         <value>0x3c27</value>
         <object_component_ref idref="oc-ed"/>
      </symbol>
      <symbol id="sm-636">
         <name>UARTEnable</name>
         <value>0x3be5</value>
         <object_component_ref idref="oc-1fb"/>
      </symbol>
      <symbol id="sm-637">
         <name>UARTIntClear</name>
         <value>0x3d01</value>
         <object_component_ref idref="oc-e7"/>
      </symbol>
      <symbol id="sm-638">
         <name>UARTIntStatus</name>
         <value>0x3cb3</value>
         <object_component_ref idref="oc-e1"/>
      </symbol>
      <symbol id="sm-639">
         <name>UARTSpaceAvail</name>
         <value>0x3c51</value>
         <object_component_ref idref="oc-20a"/>
      </symbol>
      <symbol id="sm-63a">
         <name>UARTIntRegister</name>
         <value>0x3b4b</value>
         <object_component_ref idref="oc-123"/>
      </symbol>
      <symbol id="sm-64c">
         <name>CPUcpsie</name>
         <value>0x3c79</value>
         <object_component_ref idref="oc-232"/>
      </symbol>
      <symbol id="sm-64d">
         <name>CPUcpsid</name>
         <value>0x3c6d</value>
         <object_component_ref idref="oc-337"/>
      </symbol>
      <symbol id="sm-668">
         <name>memcpy</name>
         <value>0x350d</value>
         <object_component_ref idref="oc-3b"/>
      </symbol>
      <symbol id="sm-669">
         <name>__aeabi_memcpy</name>
         <value>0x350d</value>
         <object_component_ref idref="oc-3b"/>
      </symbol>
      <symbol id="sm-66a">
         <name>__aeabi_memcpy8</name>
         <value>0x350d</value>
         <object_component_ref idref="oc-3b"/>
      </symbol>
      <symbol id="sm-66b">
         <name>__aeabi_memcpy4</name>
         <value>0x350d</value>
         <object_component_ref idref="oc-3b"/>
      </symbol>
      <symbol id="sm-67a">
         <name>__aeabi_memset</name>
         <value>0x362f</value>
         <object_component_ref idref="oc-8f"/>
      </symbol>
      <symbol id="sm-67b">
         <name>memset</name>
         <value>0x3635</value>
         <object_component_ref idref="oc-8f"/>
      </symbol>
      <symbol id="sm-67c">
         <name>__aeabi_memset8</name>
         <value>0x362f</value>
         <object_component_ref idref="oc-8f"/>
      </symbol>
      <symbol id="sm-67d">
         <name>__aeabi_memset4</name>
         <value>0x362f</value>
         <object_component_ref idref="oc-8f"/>
      </symbol>
      <symbol id="sm-67e">
         <name>__aeabi_memclr8</name>
         <value>0x362d</value>
         <object_component_ref idref="oc-8f"/>
      </symbol>
      <symbol id="sm-67f">
         <name>__aeabi_memclr4</name>
         <value>0x362d</value>
         <object_component_ref idref="oc-8f"/>
      </symbol>
      <symbol id="sm-680">
         <name>__aeabi_memclr</name>
         <value>0x362d</value>
         <object_component_ref idref="oc-8f"/>
      </symbol>
      <symbol id="sm-693">
         <name>__TI_zero_init</name>
         <value>0x3c91</value>
         <object_component_ref idref="oc-4d"/>
      </symbol>
      <symbol id="sm-6aa">
         <name>__TI_decompress_none</name>
         <value>0x3c5f</value>
         <object_component_ref idref="oc-1b"/>
      </symbol>
      <symbol id="sm-6cd">
         <name>__TI_decompress_lzss</name>
         <value>0x3779</value>
         <object_component_ref idref="oc-15"/>
      </symbol>
      <symbol id="sm-6e1">
         <name>__stack</name>
         <value>0x20000b08</value>
         <object_component_ref idref="oc-24"/>
      </symbol>
      <symbol id="sm-6e2">
         <name>_c_int00_noargs</name>
         <value>0x3a99</value>
         <object_component_ref idref="oc-59"/>
      </symbol>
      <symbol id="sm-70b">
         <name>__TI_auto_init_nobinit_nopinit</name>
         <value>0x39ad</value>
         <object_component_ref idref="oc-176"/>
      </symbol>
      <symbol id="sm-715">
         <name>_system_pre_init</name>
         <value>0x3d05</value>
         <object_component_ref idref="oc-95"/>
      </symbol>
      <symbol id="sm-721">
         <name>C$$EXIT</name>
         <value>0x3d09</value>
         <object_component_ref idref="oc-16a"/>
      </symbol>
      <symbol id="sm-722">
         <name>abort</name>
         <value>0x3d09</value>
         <object_component_ref idref="oc-16a"/>
      </symbol>
      <symbol id="sm-725">
         <name>__TI_static_base__</name>
         <value>0x0</value>
      </symbol>
      <symbol id="sm-728">
         <name>__mpu_init</name>
         <value>0x0</value>
      </symbol>
      <symbol id="sm-729">
         <name>_system_post_cinit</name>
         <value>0x0</value>
      </symbol>
   </symbol_table>
   <title>Link successful</title>
</link_info>
