******************************************************************************
                  TI ARM Linker PC v20.2.7                     
******************************************************************************
>> Linked Tue Jan 16 16:27:37 2024

OUTPUT FILE NAME:   <CAN_test.out>
ENTRY POINT SYMBOL: "_c_int00_noargs"  address: 00003a99


MEMORY CONFIGURATION

         name            origin    length      used     unused   attr    fill
----------------------  --------  ---------  --------  --------  ----  --------
  FLASH                 00000000   00040000  000059d5  0003a62b  R  X
  SRAM                  20000000   00008000  00000d2b  000072d5  RW X


SEGMENT ALLOCATION MAP

run origin  load origin   length   init length attrs members
----------  ----------- ---------- ----------- ----- -------
00000000    00000000    000059d8   000059d8    r-x
  00000000    00000000    0000026c   0000026c    r-- .intvecs
  0000026c    0000026c    00003aa0   00003aa0    r-x .text
  00003d0c    00003d0c    00001c71   00001c71    r-- .const
  00005980    00005980    00000058   00000058    r-- .cinit
20000000    20000000    00000d30   00000000    rw-
  20000000    20000000    0000026c   00000000    rw- .vtable
  2000026c    2000026c    00000897   00000000    rw- .bss
  20000b08    20000b08    00000200   00000000    rw- .stack
  20000d08    20000d08    00000028   00000000    rw- .data


SECTION ALLOCATION MAP

 output                                  attributes/
section   page    origin      length       input sections
--------  ----  ----------  ----------   ----------------
.intvecs   0    00000000    0000026c     
                  00000000    0000026c     tm4c123gh6pm_startup_ccs.obj (.intvecs)

.text      0    0000026c    00003aa0     
                  0000026c    00001222     OLED_LCD_SSD1306.obj (.text)
                  0000148e    00000002     driverlib.lib : interrupt.obj (.text:_IntDefaultHandler)
                  00001490    00000a28     can.obj (.text)
                  00001eb8    00000750     main.obj (.text)
                  00002608    00000694     configure_co2.obj (.text)
                  00002c9c    0000028c     i2c_slave.obj (.text)
                  00002f28    0000026c     pasco2.obj (.text)
                  00003194    0000016c     driverlib.lib : gpio.obj (.text:GPIOPadConfigSet)
                  00003300    00000118                   : sysctl.obj (.text:SysCtlClockGet)
                  00003418    000000f4                   : sysctl.obj (.text:SysCtlClockSet)
                  0000350c    0000009c     rtsv7M4_T_le_v4SPD16_eabi.lib : memcpy_t2.asm.obj (.text)
                  000035a8    00000084     switches.obj (.text)
                  0000362c    0000007a     rtsv7M4_T_le_v4SPD16_eabi.lib : memset_t2.asm.obj (.text)
                  000036a6    00000002     --HOLE-- [fill = 0]
                  000036a8    00000068     driverlib.lib : interrupt.obj (.text:IntDisable)
                  00003710    00000068                   : interrupt.obj (.text:IntEnable)
                  00003778    00000068     rtsv7M4_T_le_v4SPD16_eabi.lib : copy_decompress_lzss.c.obj (.text:decompress:lzss:__TI_decompress_lzss)
                  000037e0    00000058     driverlib.lib : gpio.obj (.text:GPIOIntTypeSet)
                  00003838    00000050                   : sysctl.obj (.text:SysCtlPeripheralReset)
                  00003888    0000004c                   : gpio.obj (.text:GPIOPinConfigure)
                  000038d4    0000004c                   : i2c.obj (.text:I2CMasterInitExpClk)
                  00003920    00000046                   : uart.obj (.text:UARTConfigSetExpClk)
                  00003966    00000002     --HOLE-- [fill = 0]
                  00003968    00000044                   : gpio.obj (.text:_GPIOIntNumberGet)
                  000039ac    00000044     rtsv7M4_T_le_v4SPD16_eabi.lib : autoinit.c.obj (.text:__TI_auto_init_nobinit_nopinit:__TI_auto_init_nobinit_nopinit)
                  000039f0    00000040     driverlib.lib : uart.obj (.text:_UARTIntNumberGet)
                  00003a30    00000034                   : interrupt.obj (.text:IntRegister)
                  00003a64    00000034                   : sysctl.obj (.text:SysCtlPeripheralEnable)
                  00003a98    00000034     rtsv7M4_T_le_v4SPD16_eabi.lib : boot_cortex_m.c.obj (.text:_c_int00_noargs:_c_int00_noargs)
                  00003acc    0000002c     driverlib.lib : gpio.obj (.text:GPIODirModeSet)
                  00003af8    00000020                   : uart.obj (.text:UARTDisable)
                  00003b18    0000001a                   : gpio.obj (.text:GPIOPinTypeGPIOOutput)
                  00003b32    00000018                   : gpio.obj (.text:GPIOIntRegister)
                  00003b4a    00000018                   : uart.obj (.text:UARTIntRegister)
                  00003b62    00000016                   : gpio.obj (.text:GPIOPinTypeCAN)
                  00003b78    00000016                   : gpio.obj (.text:GPIOPinTypeI2C)
                  00003b8e    00000016                   : gpio.obj (.text:GPIOPinTypeI2CSCL)
                  00003ba4    00000016                   : gpio.obj (.text:GPIOPinTypeUART)
                  00003bba    00000016                   : i2c.obj (.text:I2CMasterErr)
                  00003bd0    00000014                   : interrupt.obj (.text:IntUnregister)
                  00003be4    00000014                   : uart.obj (.text:UARTEnable)
                  00003bf8    00000010                   : interrupt.obj (.text:IntMasterDisable)
                  00003c08    00000010                   : interrupt.obj (.text:IntMasterEnable)
                  00003c18    0000000e                   : gpio.obj (.text:GPIOIntStatus)
                  00003c26    0000000e                   : uart.obj (.text:UARTCharGetNonBlocking)
                  00003c34    0000000e                   : uart.obj (.text:UARTCharPutNonBlocking)
                  00003c42    0000000e                   : uart.obj (.text:UARTCharsAvail)
                  00003c50    0000000e                   : uart.obj (.text:UARTSpaceAvail)
                  00003c5e    0000000e     rtsv7M4_T_le_v4SPD16_eabi.lib : copy_decompress_none.c.obj (.text:decompress:none:__TI_decompress_none)
                  00003c6c    0000000c     driverlib.lib : cpu.obj (.text:CPUcpsid)
                  00003c78    0000000c                   : cpu.obj (.text:CPUcpsie)
                  00003c84    0000000c                   : gpio.obj (.text:GPIOIntEnable)
                  00003c90    0000000c     rtsv7M4_T_le_v4SPD16_eabi.lib : copy_zero_init.c.obj (.text:decompress:ZI:__TI_zero_init)
                  00003c9c    0000000c     tm4c123gh6pm_startup_ccs.obj (.text)
                  00003ca8    0000000a     driverlib.lib : i2c.obj (.text:I2CMasterEnable)
                  00003cb2    0000000a                   : uart.obj (.text:UARTIntStatus)
                  00003cbc    00000008                   : i2c.obj (.text:I2CMasterBusBusy)
                  00003cc4    00000008                   : i2c.obj (.text:I2CMasterBusy)
                  00003ccc    00000008                   : i2c.obj (.text:I2CMasterSlaveAddrSet)
                  00003cd4    00000008                   : uart.obj (.text:UARTIntEnable)
                  00003cdc    00000006                   : gpio.obj (.text:GPIOIntClear)
                  00003ce2    00000006                   : gpio.obj (.text:GPIOPinRead)
                  00003ce8    00000006                   : gpio.obj (.text:GPIOPinWrite)
                  00003cee    00000006                   : sysctl.obj (.text:SysCtlDelay)
                  00003cf4    00000004                   : i2c.obj (.text:I2CMasterControl)
                  00003cf8    00000004                   : i2c.obj (.text:I2CMasterDataGet)
                  00003cfc    00000004                   : i2c.obj (.text:I2CMasterDataPut)
                  00003d00    00000004                   : uart.obj (.text:UARTIntClear)
                  00003d04    00000004     rtsv7M4_T_le_v4SPD16_eabi.lib : pre_init.c.obj (.text:_system_pre_init)
                  00003d08    00000004                                   : exit.c.obj (.text:abort:abort)

.const     0    00003d0c    00001c71     
                  00003d0c    00000d5c     fonts.obj (.const:Font11x18)
                  00004a68    0000076c     fonts.obj (.const:Font7x10)
                  000051d4    00000440     main.obj (.const:.string:gImage_ConfCO2)
                  00005614    000000d8     driverlib.lib : gpio.obj (.const:g_ppui32GPIOIntMapSnowflake)
                  000056ec    000000c0                   : gpio.obj (.const:g_ppui32GPIOIntMapBlizzard)
                  000057ac    00000090                   : gpio.obj (.const:g_pui32GPIOBaseAddrs)
                  0000583c    0000006c                   : sysctl.obj (.const:g_pui32Xtals)
                  000058a8    00000040                   : uart.obj (.const:g_ppui32UARTIntMap)
                  000058e8    00000040                   : uart.obj (.const:g_ppui32UARTIntMapSnowflake)
                  00005928    00000020     can.obj (.const:g_ui16CANBitValues)
                  00005948    00000014     driverlib.lib : interrupt.obj (.const:g_pui32Dii16Regs)
                  0000595c    00000014                   : interrupt.obj (.const:g_pui32EnRegs)
                  00005970    00000008     pasco2.obj (.const:.string:$P$T1$2)
                  00005978    00000005     pasco2.obj (.const:.string:$P$T0$1)

.cinit     0    00005980    00000058     
                  00005980    00000020     (.cinit..data.load) [load image, compression = lzss]
                  000059a0    0000000c     (__TI_handler_table)
                  000059ac    00000004     --HOLE-- [fill = 0]
                  000059b0    00000008     (.cinit..bss.load) [load image, compression = zero_init]
                  000059b8    00000008     (.cinit..vtable.load) [load image, compression = zero_init]
                  000059c0    00000018     (__TI_cinit_table)

.init_array 
*          0    00000000    00000000     UNINITIALIZED

.vtable    0    20000000    0000026c     UNINITIALIZED
                  20000000    0000026c     driverlib.lib : interrupt.obj (.vtable)

.bss       0    2000026c    00000897     UNINITIALIZED
                  2000026c    00000426     (.common:SSD1306)
                  20000692    00000426     (.common:SSD1306s)
                  20000ab8    00000014     (.common:g_sCAN0RxMessage)
                  20000acc    00000014     (.common:g_sCAN0TxMessage)
                  20000ae0    00000008     (.common:g_ui8RXMsgData)
                  20000ae8    00000004     (.common:Value_Co2_Oled)
                  20000aec    00000004     (.common:Value_char)
                  20000af0    00000004     (.common:g_ui8TXMsgData)
                  20000af4    00000004     (.common:rxBuffer)
                  20000af8    00000004     (.common:set_mes_and_limit)
                  20000afc    00000002     (.common:result)
                  20000afe    00000001     (.common:check_conf_sucess)
                  20000aff    00000001     (.common:state_door)
                  20000b00    00000001     (.common:state_fan)
                  20000b01    00000001     (.common:value1)
                  20000b02    00000001     (.common:value2)

.data      0    20000d08    00000028     UNINITIALIZED
                  20000d08    00000010     main.obj (.data)
                  20000d18    00000008     fonts.obj (.data:Font_11x18)
                  20000d20    00000008     fonts.obj (.data:Font_7x10)
                  20000d28    00000008     configure_co2.obj (.data)

.stack     0    20000b08    00000200     UNINITIALIZED
                  20000b08    00000004     rtsv7M4_T_le_v4SPD16_eabi.lib : boot_cortex_m.c.obj (.stack)
                  20000b0c    000001fc     --HOLE--

__llvm_prf_cnts 
*          0    20000000    00000000     UNINITIALIZED

MODULE SUMMARY

       Module                         code    ro data   rw data
       ------                         ----    -------   -------
    .\
       main.obj                       1872    1088      1149   
       can.obj                        2600    32        0      
       tm4c123gh6pm_startup_ccs.obj   12      620       0      
    +--+------------------------------+-------+---------+---------+
       Total:                         4484    1740      1149   
                                                               
    .\SSDD1306\
       fonts.obj                      0       5320      16     
       OLED_LCD_SSD1306.obj           4642    0         0      
    +--+------------------------------+-------+---------+---------+
       Total:                         4642    5320      16     
                                                               
    .\drivers\
       configure_co2.obj              1684    0         1074   
       i2c_slave.obj                  652     0         0      
       pasco2.obj                     620     13        0      
       switches.obj                   132     0         0      
    +--+------------------------------+-------+---------+---------+
       Total:                         3088    13        1074   
                                                               
    ../driverlib.lib
       gpio.obj                       822     552       0      
       interrupt.obj                  314     40        620    
       sysctl.obj                     662     108       0      
       uart.obj                       288     128       0      
       i2c.obj                        144     0         0      
       cpu.obj                        24      0         0      
    +--+------------------------------+-------+---------+---------+
       Total:                         2254    828       620    
                                                               
    E:\NAMHOC\Nam_BK\laptrinhnhung\Tool\ccs\tools\compiler\ti-cgt-arm_20.2.7.LTS\lib\rtsv7M4_T_le_v4SPD16_eabi.lib
       memcpy_t2.asm.obj              156     0         0      
       memset_t2.asm.obj              122     0         0      
       copy_decompress_lzss.c.obj     104     0         0      
       autoinit.c.obj                 68      0         0      
       boot_cortex_m.c.obj            52      0         0      
       copy_decompress_none.c.obj     14      0         0      
       copy_zero_init.c.obj           12      0         0      
       exit.c.obj                     4       0         0      
       pre_init.c.obj                 4       0         0      
    +--+------------------------------+-------+---------+---------+
       Total:                         536     0         0      
                                                               
       Stack:                         0       0         512    
       Linker Generated:              0       84        0      
    +--+------------------------------+-------+---------+---------+
       Grand Total:                   15004   7985      3371   


LINKER GENERATED COPY TABLES

__TI_cinit_table @ 000059c0 records: 3, size/record: 8, table size: 24
	.data: load addr=00005980, load size=00000020 bytes, run addr=20000d08, run size=00000028 bytes, compression=lzss
	.bss: load addr=000059b0, load size=00000008 bytes, run addr=2000026c, run size=00000897 bytes, compression=zero_init
	.vtable: load addr=000059b8, load size=00000008 bytes, run addr=20000000, run size=0000026c bytes, compression=zero_init


LINKER GENERATED HANDLER TABLE

__TI_handler_table @ 000059a0 records: 3, size/record: 4, table size: 12
	index: 0, handler: __TI_zero_init
	index: 1, handler: __TI_decompress_lzss
	index: 2, handler: __TI_decompress_none


GLOBAL SYMBOLS: SORTED ALPHABETICALLY BY Name 

address   name                          
-------   ----                          
00002683  BUTTON_CHANGEMODE_ISR         
00003d09  C$$EXIT                       
00001f43  CAN0IntHandler                
000016a1  CANBitRateSet                 
00001639  CANBitTimingGet               
0000176d  CANBitTimingSet               
00001625  CANDisable                    
00001611  CANEnable                     
000019b7  CANErrCntrGet                 
00001595  CANInit                       
000018a9  CANIntClear                   
00001849  CANIntDisable                 
00001833  CANIntEnable                  
000017fb  CANIntRegister                
0000185f  CANIntStatus                  
00001819  CANIntUnregister              
00001e89  CANMessageClear               
00001c7f  CANMessageGet                 
000019ed  CANMessageSet                 
00001915  CANRetryGet                   
000018e3  CANRetrySet                   
00001931  CANStatusGet                  
00002941  COnfigure_CO2                 
00003c6d  CPUcpsid                      
00003c79  CPUcpsie                      
00001fb1  ConfigureCAN                  
00002047  Configure_Uart1               
00002609  DEFAULT                       
00003d0c  Font11x18                     
00004a68  Font7x10                      
20000d18  Font_11x18                    
20000d20  Font_7x10                     
00003acd  GPIODirModeSet                
00003cdd  GPIOIntClear                  
00003c85  GPIOIntEnable                 
00003b33  GPIOIntRegister               
00003c19  GPIOIntStatus                 
000037e1  GPIOIntTypeSet                
00003195  GPIOPadConfigSet              
00003889  GPIOPinConfigure              
00003ce3  GPIOPinRead                   
00003b63  GPIOPinTypeCAN                
00003b19  GPIOPinTypeGPIOOutput         
00003b79  GPIOPinTypeI2C                
00003b8f  GPIOPinTypeI2CSCL             
00003ba5  GPIOPinTypeUART               
00003ce9  GPIOPinWrite                  
00002c9d  I2C0_Init                     
00002da9  I2C0_Read                     
00002cdd  I2C0_Send                     
00002e0b  I2C0_SendTwoBytes             
00002e5f  I2C0_Write                    
00002d11  I2C0_sendchar                 
00003cbd  I2CMasterBusBusy              
00003cc5  I2CMasterBusy                 
00003cf5  I2CMasterControl              
00003cf9  I2CMasterDataGet              
00003cfd  I2CMasterDataPut              
00003ca9  I2CMasterEnable               
00003bbb  I2CMasterErr                  
000038d5  I2CMasterInitExpClk           
00003ccd  I2CMasterSlaveAddrSet         
000036a9  IntDisable                    
00003711  IntEnable                     
00003bf9  IntMasterDisable              
00003c09  IntMasterEnable               
00003a31  IntRegister                   
00003bd1  IntUnregister                 
00001ed9  LED_Init                      
00001eb9  LED_Toggle                    
20000d2e  Position_move                 
00003c9d  ResetISR                      
2000026c  SSD1306                       
0000143f  SSD1306_Clear                 
000005ed  SSD1306_DrawBitmap            
0000101f  SSD1306_DrawCircle            
00001221  SSD1306_DrawFilledCircle      
00000cf5  SSD1306_DrawFilledRectangle   
00000e03  SSD1306_DrawFilledTriangle    
00000997  SSD1306_DrawLine              
00000797  SSD1306_DrawPixel             
00000bf1  SSD1306_DrawRectangle         
00000da1  SSD1306_DrawTriangle          
00000775  SSD1306_Fill                  
0000084b  SSD1306_GotoXY                
0000030b  SSD1306_Init                  
000005cb  SSD1306_InvertDisplay         
00001471  SSD1306_OFF                   
00001453  SSD1306_ON                    
0000086f  SSD1306_Putc                  
00000951  SSD1306_Puts                  
000004a7  SSD1306_ScrollLeft            
00000455  SSD1306_ScrollRight           
0000055b  SSD1306_Scrolldiagleft        
000004f9  SSD1306_Scrolldiagright       
000005bd  SSD1306_Stopscroll            
0000071d  SSD1306_ToggleInvert          
000006bb  SSD1306_UpdateScreen          
20000692  SSD1306s                      
20000d28  S_mode                        
000028fd  Switch_INT_init               
00003301  SysCtlClockGet                
00003419  SysCtlClockSet                
00003cef  SysCtlDelay                   
00003a65  SysCtlPeripheralEnable        
00003839  SysCtlPeripheralReset         
00003c27  UARTCharGetNonBlocking        
00003c35  UARTCharPutNonBlocking        
00003c43  UARTCharsAvail                
00003921  UARTConfigSetExpClk           
00003af9  UARTDisable                   
00003be5  UARTEnable                    
00003d01  UARTIntClear                  
00003cd5  UARTIntEnable                 
00001eeb  UARTIntHandler                
00003b4b  UARTIntRegister               
00003cb3  UARTIntStatus                 
00003c51  UARTSpaceAvail                
20000ae8  Value_Co2_Oled                
20000d2c  Value_Conf                    
20000aec  Value_char                    
20000d08  __STACK_END                   
00000200  __STACK_SIZE                  
20000d08  __STACK_TOP                   
000059c0  __TI_CINIT_Base               
000059d8  __TI_CINIT_Limit              
000059a0  __TI_Handler_Table_Base       
000059ac  __TI_Handler_Table_Limit      
000039ad  __TI_auto_init_nobinit_nopinit
00003779  __TI_decompress_lzss          
00003c5f  __TI_decompress_none          
ffffffff  __TI_pprof_out_hndl           
ffffffff  __TI_prof_data_size           
ffffffff  __TI_prof_data_start          
00000000  __TI_static_base__            
00003c91  __TI_zero_init                
0000362d  __aeabi_memclr                
0000362d  __aeabi_memclr4               
0000362d  __aeabi_memclr8               
0000350d  __aeabi_memcpy                
0000350d  __aeabi_memcpy4               
0000350d  __aeabi_memcpy8               
0000362f  __aeabi_memset                
0000362f  __aeabi_memset4               
0000362f  __aeabi_memset8               
ffffffff  __binit__                     
ffffffff  __c_args__                    
UNDEFED   __mpu_init                    
20000b08  __stack                       
20000000  __start___llvm_prf_cnts       
20000000  __stop___llvm_prf_cnts        
00003a99  _c_int00_noargs               
UNDEFED   _system_post_cinit            
00003d05  _system_pre_init              
00003d09  abort                         
ffffffff  binit                         
20000afe  check_conf_sucess             
00002623  convertAndStore               
000051d4  gImage_ConfCO2                
20000d11  g_ErrFlag                     
20000d10  g_bRXFlag                     
20000000  g_pfnRAMVectors               
00000000  g_pfnVectors                  
20000ab8  g_sCAN0RxMessage              
20000acc  g_sCAN0TxMessage              
20000d08  g_ui32RXMsgCount              
20000d0c  g_ui32TXMsgCount              
20000ae0  g_ui8RXMsgData                
20000af0  g_ui8TXMsgData                
0000218d  main                          
0000350d  memcpy                        
00003635  memset                        
00003119  pasco2_set_measurement        
000030f1  pasco2_uart_init              
00002f79  pasco2_uart_read              
00003021  pasco2_uart_write             
00002093  pasco2set_measurement         
20000d2f  pass                          
20000afc  result                        
20000af4  rxBuffer                      
20000d14  rxBufferIndex                 
20000af8  set_mes_and_limit             
20000aff  state_door                    
20000b00  state_fan                     
20000d29  sw0_m                         
20000d2a  sw1_m                         
20000d2b  sw2_m                         
000035a9  switchInit                    
000035df  switchState                   
20000b01  value1                        
20000b02  value2                        


GLOBAL SYMBOLS: SORTED BY Symbol Address 

address   name                          
-------   ----                          
00000000  __TI_static_base__            
00000000  g_pfnVectors                  
00000200  __STACK_SIZE                  
0000030b  SSD1306_Init                  
00000455  SSD1306_ScrollRight           
000004a7  SSD1306_ScrollLeft            
000004f9  SSD1306_Scrolldiagright       
0000055b  SSD1306_Scrolldiagleft        
000005bd  SSD1306_Stopscroll            
000005cb  SSD1306_InvertDisplay         
000005ed  SSD1306_DrawBitmap            
000006bb  SSD1306_UpdateScreen          
0000071d  SSD1306_ToggleInvert          
00000775  SSD1306_Fill                  
00000797  SSD1306_DrawPixel             
0000084b  SSD1306_GotoXY                
0000086f  SSD1306_Putc                  
00000951  SSD1306_Puts                  
00000997  SSD1306_DrawLine              
00000bf1  SSD1306_DrawRectangle         
00000cf5  SSD1306_DrawFilledRectangle   
00000da1  SSD1306_DrawTriangle          
00000e03  SSD1306_DrawFilledTriangle    
0000101f  SSD1306_DrawCircle            
00001221  SSD1306_DrawFilledCircle      
0000143f  SSD1306_Clear                 
00001453  SSD1306_ON                    
00001471  SSD1306_OFF                   
00001595  CANInit                       
00001611  CANEnable                     
00001625  CANDisable                    
00001639  CANBitTimingGet               
000016a1  CANBitRateSet                 
0000176d  CANBitTimingSet               
000017fb  CANIntRegister                
00001819  CANIntUnregister              
00001833  CANIntEnable                  
00001849  CANIntDisable                 
0000185f  CANIntStatus                  
000018a9  CANIntClear                   
000018e3  CANRetrySet                   
00001915  CANRetryGet                   
00001931  CANStatusGet                  
000019b7  CANErrCntrGet                 
000019ed  CANMessageSet                 
00001c7f  CANMessageGet                 
00001e89  CANMessageClear               
00001eb9  LED_Toggle                    
00001ed9  LED_Init                      
00001eeb  UARTIntHandler                
00001f43  CAN0IntHandler                
00001fb1  ConfigureCAN                  
00002047  Configure_Uart1               
00002093  pasco2set_measurement         
0000218d  main                          
00002609  DEFAULT                       
00002623  convertAndStore               
00002683  BUTTON_CHANGEMODE_ISR         
000028fd  Switch_INT_init               
00002941  COnfigure_CO2                 
00002c9d  I2C0_Init                     
00002cdd  I2C0_Send                     
00002d11  I2C0_sendchar                 
00002da9  I2C0_Read                     
00002e0b  I2C0_SendTwoBytes             
00002e5f  I2C0_Write                    
00002f79  pasco2_uart_read              
00003021  pasco2_uart_write             
000030f1  pasco2_uart_init              
00003119  pasco2_set_measurement        
00003195  GPIOPadConfigSet              
00003301  SysCtlClockGet                
00003419  SysCtlClockSet                
0000350d  __aeabi_memcpy                
0000350d  __aeabi_memcpy4               
0000350d  __aeabi_memcpy8               
0000350d  memcpy                        
000035a9  switchInit                    
000035df  switchState                   
0000362d  __aeabi_memclr                
0000362d  __aeabi_memclr4               
0000362d  __aeabi_memclr8               
0000362f  __aeabi_memset                
0000362f  __aeabi_memset4               
0000362f  __aeabi_memset8               
00003635  memset                        
000036a9  IntDisable                    
00003711  IntEnable                     
00003779  __TI_decompress_lzss          
000037e1  GPIOIntTypeSet                
00003839  SysCtlPeripheralReset         
00003889  GPIOPinConfigure              
000038d5  I2CMasterInitExpClk           
00003921  UARTConfigSetExpClk           
000039ad  __TI_auto_init_nobinit_nopinit
00003a31  IntRegister                   
00003a65  SysCtlPeripheralEnable        
00003a99  _c_int00_noargs               
00003acd  GPIODirModeSet                
00003af9  UARTDisable                   
00003b19  GPIOPinTypeGPIOOutput         
00003b33  GPIOIntRegister               
00003b4b  UARTIntRegister               
00003b63  GPIOPinTypeCAN                
00003b79  GPIOPinTypeI2C                
00003b8f  GPIOPinTypeI2CSCL             
00003ba5  GPIOPinTypeUART               
00003bbb  I2CMasterErr                  
00003bd1  IntUnregister                 
00003be5  UARTEnable                    
00003bf9  IntMasterDisable              
00003c09  IntMasterEnable               
00003c19  GPIOIntStatus                 
00003c27  UARTCharGetNonBlocking        
00003c35  UARTCharPutNonBlocking        
00003c43  UARTCharsAvail                
00003c51  UARTSpaceAvail                
00003c5f  __TI_decompress_none          
00003c6d  CPUcpsid                      
00003c79  CPUcpsie                      
00003c85  GPIOIntEnable                 
00003c91  __TI_zero_init                
00003c9d  ResetISR                      
00003ca9  I2CMasterEnable               
00003cb3  UARTIntStatus                 
00003cbd  I2CMasterBusBusy              
00003cc5  I2CMasterBusy                 
00003ccd  I2CMasterSlaveAddrSet         
00003cd5  UARTIntEnable                 
00003cdd  GPIOIntClear                  
00003ce3  GPIOPinRead                   
00003ce9  GPIOPinWrite                  
00003cef  SysCtlDelay                   
00003cf5  I2CMasterControl              
00003cf9  I2CMasterDataGet              
00003cfd  I2CMasterDataPut              
00003d01  UARTIntClear                  
00003d05  _system_pre_init              
00003d09  C$$EXIT                       
00003d09  abort                         
00003d0c  Font11x18                     
00004a68  Font7x10                      
000051d4  gImage_ConfCO2                
000059a0  __TI_Handler_Table_Base       
000059ac  __TI_Handler_Table_Limit      
000059c0  __TI_CINIT_Base               
000059d8  __TI_CINIT_Limit              
20000000  __start___llvm_prf_cnts       
20000000  __stop___llvm_prf_cnts        
20000000  g_pfnRAMVectors               
2000026c  SSD1306                       
20000692  SSD1306s                      
20000ab8  g_sCAN0RxMessage              
20000acc  g_sCAN0TxMessage              
20000ae0  g_ui8RXMsgData                
20000ae8  Value_Co2_Oled                
20000aec  Value_char                    
20000af0  g_ui8TXMsgData                
20000af4  rxBuffer                      
20000af8  set_mes_and_limit             
20000afc  result                        
20000afe  check_conf_sucess             
20000aff  state_door                    
20000b00  state_fan                     
20000b01  value1                        
20000b02  value2                        
20000b08  __stack                       
20000d08  __STACK_END                   
20000d08  __STACK_TOP                   
20000d08  g_ui32RXMsgCount              
20000d0c  g_ui32TXMsgCount              
20000d10  g_bRXFlag                     
20000d11  g_ErrFlag                     
20000d14  rxBufferIndex                 
20000d18  Font_11x18                    
20000d20  Font_7x10                     
20000d28  S_mode                        
20000d29  sw0_m                         
20000d2a  sw1_m                         
20000d2b  sw2_m                         
20000d2c  Value_Conf                    
20000d2e  Position_move                 
20000d2f  pass                          
ffffffff  __TI_pprof_out_hndl           
ffffffff  __TI_prof_data_size           
ffffffff  __TI_prof_data_start          
ffffffff  __binit__                     
ffffffff  __c_args__                    
ffffffff  binit                         
UNDEFED   __mpu_init                    
UNDEFED   _system_post_cinit            

[191 symbols]
