******************************************************************************
                  TI ARM Linker PC v20.2.7                     
******************************************************************************
>> Linked Wed Aug  9 09:32:59 2023

OUTPUT FILE NAME:   <CAN_test.out>
ENTRY POINT SYMBOL: "_c_int00_noargs"  address: 00001651


MEMORY CONFIGURATION

         name            origin    length      used     unused   attr    fill
----------------------  --------  ---------  --------  --------  ----  --------
  FLASH                 00000000   00040000  000019a3  0003e65d  R  X
  SRAM                  20000000   00008000  0000046c  00007b94  RW X


SEGMENT ALLOCATION MAP

run origin  load origin   length   init length attrs members
----------  ----------- ---------- ----------- ----- -------
00000000    00000000    000019ac   000019ac    r-x
  00000000    00000000    0000026c   0000026c    r-- .intvecs
  0000026c    0000026c    00001586   00001586    r-x .text
  000017f4    000017f4    0000019d   0000019d    r-- .const
  00001998    00001998    00000014   00000014    r-- .cinit
20000000    20000000    00000470   00000000    rw-
  20000000    20000000    0000026c   00000000    rw- .vtable
  20000270    20000270    00000200   00000000    rw- .stack


SECTION ALLOCATION MAP

 output                                  attributes/
section   page    origin      length       input sections
--------  ----  ----------  ----------   ----------------
.intvecs   0    00000000    0000026c     
                  00000000    0000026c     tm4c123gh6pm_startup_ccs.obj (.intvecs)

.text      0    0000026c    00001586     
                  0000026c    00000a7e     xensiv_pasco2.obj (.text)
                  00000cea    00000002     --HOLE-- [fill = 0]
                  00000cec    0000020c     main.obj (.text)
                  00000ef8    000001f6     xensiv_pasco2_platform.obj (.text)
                  000010ee    00000002     --HOLE-- [fill = 0]
                  000010f0    0000016c     driverlib.lib : gpio.obj (.text:GPIOPadConfigSet)
                  0000125c    00000118                   : sysctl.obj (.text:SysCtlClockGet)
                  00001374    000000f4                   : sysctl.obj (.text:SysCtlClockSet)
                  00001468    00000068                   : interrupt.obj (.text:IntEnable)
                  000014d0    0000004c                   : gpio.obj (.text:GPIOPinConfigure)
                  0000151c    00000046                   : uart.obj (.text:UARTConfigSetExpClk)
                  00001562    00000002     --HOLE-- [fill = 0]
                  00001564    00000044     rtsv7M4_T_le_v4SPD16_eabi.lib : autoinit.c.obj (.text:__TI_auto_init_nobinit_nopinit:__TI_auto_init_nobinit_nopinit)
                  000015a8    00000040     driverlib.lib : uart.obj (.text:_UARTIntNumberGet)
                  000015e8    00000034                   : interrupt.obj (.text:IntRegister)
                  0000161c    00000034                   : sysctl.obj (.text:SysCtlPeripheralEnable)
                  00001650    00000034     rtsv7M4_T_le_v4SPD16_eabi.lib : boot_cortex_m.c.obj (.text:_c_int00_noargs:_c_int00_noargs)
                  00001684    0000002c     driverlib.lib : gpio.obj (.text:GPIODirModeSet)
                  000016b0    00000020                   : uart.obj (.text:UARTDisable)
                  000016d0    0000001c     rtsv7M4_T_le_v4SPD16_eabi.lib : copy_zero_init.c.obj (.text:decompress:ZI:__TI_zero_init_nomemset:__TI_zero_init_nomemset)
                  000016ec    0000001a     driverlib.lib : gpio.obj (.text:GPIOPinTypeGPIOOutput)
                  00001706    00000018                   : uart.obj (.text:UARTIntRegister)
                  0000171e    00000016                   : gpio.obj (.text:GPIOPinTypeUART)
                  00001734    00000014                   : uart.obj (.text:UARTEnable)
                  00001748    00000010                   : interrupt.obj (.text:IntMasterEnable)
                  00001758    0000000e                   : uart.obj (.text:UARTCharGetNonBlocking)
                  00001766    0000000e                   : uart.obj (.text:UARTCharPutNonBlocking)
                  00001774    0000000e                   : uart.obj (.text:UARTCharsAvail)
                  00001782    0000000e                   : uart.obj (.text:UARTSpaceAvail)
                  00001790    0000000c                   : cpu.obj (.text:CPUcpsie)
                  0000179c    0000000c     tm4c123gh6pm_startup_ccs.obj (.text)
                  000017a8    0000000a     driverlib.lib : uart.obj (.text:UARTCharPut)
                  000017b2    0000000a                   : uart.obj (.text:UARTIntStatus)
                  000017bc    00000008                   : i2c.obj (.text:I2CMasterBusy)
                  000017c4    00000008                   : i2c.obj (.text:I2CMasterSlaveAddrSet)
                  000017cc    00000008                   : uart.obj (.text:UARTIntEnable)
                  000017d4    00000006                   : sysctl.obj (.text:SysCtlDelay)
                  000017da    00000004                   : i2c.obj (.text:I2CMasterControl)
                  000017de    00000004                   : i2c.obj (.text:I2CMasterDataGet)
                  000017e2    00000004                   : i2c.obj (.text:I2CMasterDataPut)
                  000017e6    00000004                   : uart.obj (.text:UARTIntClear)
                  000017ea    00000004     rtsv7M4_T_le_v4SPD16_eabi.lib : pre_init.c.obj (.text:_system_pre_init)
                  000017ee    00000004                                   : exit.c.obj (.text:abort:abort)

.const     0    000017f4    0000019d     
                  000017f4    00000090     driverlib.lib : gpio.obj (.const:g_pui32GPIOBaseAddrs)
                  00001884    0000006c                   : sysctl.obj (.const:g_pui32Xtals)
                  000018f0    00000040                   : uart.obj (.const:g_ppui32UARTIntMap)
                  00001930    00000040                   : uart.obj (.const:g_ppui32UARTIntMapSnowflake)
                  00001970    00000014                   : interrupt.obj (.const:g_pui32EnRegs)
                  00001984    00000008     xensiv_pasco2.obj (.const:.string:$P$T1$2)
                  0000198c    00000005     xensiv_pasco2.obj (.const:.string:$P$T0$1)

.cinit     0    00001998    00000014     
                  00001998    00000008     (.cinit..vtable.load) [load image, compression = zero_init]
                  000019a0    00000004     (__TI_handler_table)
                  000019a4    00000008     (__TI_cinit_table)

.init_array 
*          0    00000000    00000000     UNINITIALIZED

.vtable    0    20000000    0000026c     UNINITIALIZED
                  20000000    0000026c     driverlib.lib : interrupt.obj (.vtable)

.stack     0    20000270    00000200     UNINITIALIZED
                  20000270    00000004     rtsv7M4_T_le_v4SPD16_eabi.lib : boot_cortex_m.c.obj (.stack)
                  20000274    000001fc     --HOLE--

__llvm_prf_cnts 
*          0    20000000    00000000     UNINITIALIZED

MODULE SUMMARY

       Module                         code   ro data   rw data
       ------                         ----   -------   -------
    .\
       tm4c123gh6pm_startup_ccs.obj   12     620       0      
       main.obj                       524    0         0      
    +--+------------------------------+------+---------+---------+
       Total:                         536    620       0      
                                                              
    .\drivers\
       xensiv_pasco2.obj              2686   13        0      
       xensiv_pasco2_platform.obj     502    0         0      
    +--+------------------------------+------+---------+---------+
       Total:                         3188   13        0      
                                                              
    ../driverlib.lib
       interrupt.obj                  172    20        620    
       sysctl.obj                     582    108       0      
       gpio.obj                       532    144       0      
       uart.obj                       298    128       0      
       i2c.obj                        28     0         0      
       cpu.obj                        12     0         0      
    +--+------------------------------+------+---------+---------+
       Total:                         1624   400       620    
                                                              
    E:\NAMHOC\Nam_BK\laptrinhnhung\Tool\ccs\tools\compiler\ti-cgt-arm_20.2.7.LTS\lib\rtsv7M4_T_le_v4SPD16_eabi.lib
       autoinit.c.obj                 68     0         0      
       boot_cortex_m.c.obj            52     0         0      
       copy_zero_init.c.obj           28     0         0      
       exit.c.obj                     4      0         0      
       pre_init.c.obj                 4      0         0      
    +--+------------------------------+------+---------+---------+
       Total:                         156    0         0      
                                                              
       Stack:                         0      0         512    
       Linker Generated:              0      20        0      
    +--+------------------------------+------+---------+---------+
       Grand Total:                   5504   1053      1132   


LINKER GENERATED COPY TABLES

__TI_cinit_table @ 000019a4 records: 1, size/record: 8, table size: 8
	.vtable: load addr=00001998, load size=00000008 bytes, run addr=20000000, run size=0000026c bytes, compression=zero_init


LINKER GENERATED HANDLER TABLE

__TI_handler_table @ 000019a0 records: 1, size/record: 4, table size: 4
	index: 0, handler: __TI_zero_init


GLOBAL SYMBOLS: SORTED ALPHABETICALLY BY Name 

address   name                                     
-------   ----                                     
000017ef  C$$EXIT                                  
00001791  CPUcpsie                                 
00001685  GPIODirModeSet                           
000010f1  GPIOPadConfigSet                         
000014d1  GPIOPinConfigure                         
000016ed  GPIOPinTypeGPIOOutput                    
0000171f  GPIOPinTypeUART                          
000017bd  I2CMasterBusy                            
000017db  I2CMasterControl                         
000017df  I2CMasterDataGet                         
000017e3  I2CMasterDataPut                         
000017c5  I2CMasterSlaveAddrSet                    
00001469  IntEnable                                
00001749  IntMasterEnable                          
000015e9  IntRegister                              
0000179d  ResetISR                                 
0000125d  SysCtlClockGet                           
00001375  SysCtlClockSet                           
000017d5  SysCtlDelay                              
0000161d  SysCtlPeripheralEnable                   
00001759  UARTCharGetNonBlocking                   
000017a9  UARTCharPut                              
00001767  UARTCharPutNonBlocking                   
00001775  UARTCharsAvail                           
0000151d  UARTConfigSetExpClk                      
000016b1  UARTDisable                              
00001735  UARTEnable                               
000017e7  UARTIntClear                             
000017cd  UARTIntEnable                            
00000ced  UARTIntHandler                           
00001707  UARTIntRegister                          
000017b3  UARTIntStatus                            
00001783  UARTSpaceAvail                           
20000470  __STACK_END                              
00000200  __STACK_SIZE                             
20000470  __STACK_TOP                              
000019a4  __TI_CINIT_Base                          
000019ac  __TI_CINIT_Limit                         
000019a0  __TI_Handler_Table_Base                  
000019a4  __TI_Handler_Table_Limit                 
00001565  __TI_auto_init_nobinit_nopinit           
ffffffff  __TI_pprof_out_hndl                      
ffffffff  __TI_prof_data_size                      
ffffffff  __TI_prof_data_start                     
00000000  __TI_static_base__                       
000016d1  __TI_zero_init_nomemset                  
ffffffff  __binit__                                
ffffffff  __c_args__                               
UNDEFED   __mpu_init                               
20000270  __stack                                  
20000000  __start___llvm_prf_cnts                  
20000000  __stop___llvm_prf_cnts                   
00001651  _c_int00_noargs                          
UNDEFED   _system_post_cinit                       
000017eb  _system_pre_init                         
000017ef  abort                                    
ffffffff  binit                                    
20000000  g_pfnRAMVectors                          
00000000  g_pfnVectors                             
00000d0b  main                                     
000009d5  xensiv_pasco2_clear_measurement_status   
00000831  xensiv_pasco2_clear_status               
00000acf  xensiv_pasco2_cmd                        
000007d9  xensiv_pasco2_get_id                     
00000853  xensiv_pasco2_get_interrupt_config       
0000089f  xensiv_pasco2_get_measurement_config     
0000099f  xensiv_pasco2_get_measurement_status     
0000078f  xensiv_pasco2_get_reg                    
000008eb  xensiv_pasco2_get_result                 
00000aa3  xensiv_pasco2_get_scratch_pad            
00000805  xensiv_pasco2_get_status                 
000006d3  xensiv_pasco2_init_i2c                   
00000711  xensiv_pasco2_init_uart                  
00000c15  xensiv_pasco2_perform_forced_compensation
000010e5  xensiv_pasco2_plat_assert                
000010a1  xensiv_pasco2_plat_delay                 
000010c1  xensiv_pasco2_plat_htons                 
00000ef9  xensiv_pasco2_plat_i2c_transfer          
00000ff9  xensiv_pasco2_plat_uart_read             
00001057  xensiv_pasco2_plat_uart_write            
000009f7  xensiv_pasco2_set_alarm_threshold        
0000087f  xensiv_pasco2_set_interrupt_config       
000008cb  xensiv_pasco2_set_measurement_config     
00000955  xensiv_pasco2_set_measurement_rate       
00000a53  xensiv_pasco2_set_offset_compensation    
00000a25  xensiv_pasco2_set_pressure_compensation  
00000749  xensiv_pasco2_set_reg                    
00000a81  xensiv_pasco2_set_scratch_pad            
00000b61  xensiv_pasco2_start_continuous_mode      
00000af1  xensiv_pasco2_start_single_mode          


GLOBAL SYMBOLS: SORTED BY Symbol Address 

address   name                                     
-------   ----                                     
00000000  __TI_static_base__                       
00000000  g_pfnVectors                             
00000200  __STACK_SIZE                             
000006d3  xensiv_pasco2_init_i2c                   
00000711  xensiv_pasco2_init_uart                  
00000749  xensiv_pasco2_set_reg                    
0000078f  xensiv_pasco2_get_reg                    
000007d9  xensiv_pasco2_get_id                     
00000805  xensiv_pasco2_get_status                 
00000831  xensiv_pasco2_clear_status               
00000853  xensiv_pasco2_get_interrupt_config       
0000087f  xensiv_pasco2_set_interrupt_config       
0000089f  xensiv_pasco2_get_measurement_config     
000008cb  xensiv_pasco2_set_measurement_config     
000008eb  xensiv_pasco2_get_result                 
00000955  xensiv_pasco2_set_measurement_rate       
0000099f  xensiv_pasco2_get_measurement_status     
000009d5  xensiv_pasco2_clear_measurement_status   
000009f7  xensiv_pasco2_set_alarm_threshold        
00000a25  xensiv_pasco2_set_pressure_compensation  
00000a53  xensiv_pasco2_set_offset_compensation    
00000a81  xensiv_pasco2_set_scratch_pad            
00000aa3  xensiv_pasco2_get_scratch_pad            
00000acf  xensiv_pasco2_cmd                        
00000af1  xensiv_pasco2_start_single_mode          
00000b61  xensiv_pasco2_start_continuous_mode      
00000c15  xensiv_pasco2_perform_forced_compensation
00000ced  UARTIntHandler                           
00000d0b  main                                     
00000ef9  xensiv_pasco2_plat_i2c_transfer          
00000ff9  xensiv_pasco2_plat_uart_read             
00001057  xensiv_pasco2_plat_uart_write            
000010a1  xensiv_pasco2_plat_delay                 
000010c1  xensiv_pasco2_plat_htons                 
000010e5  xensiv_pasco2_plat_assert                
000010f1  GPIOPadConfigSet                         
0000125d  SysCtlClockGet                           
00001375  SysCtlClockSet                           
00001469  IntEnable                                
000014d1  GPIOPinConfigure                         
0000151d  UARTConfigSetExpClk                      
00001565  __TI_auto_init_nobinit_nopinit           
000015e9  IntRegister                              
0000161d  SysCtlPeripheralEnable                   
00001651  _c_int00_noargs                          
00001685  GPIODirModeSet                           
000016b1  UARTDisable                              
000016d1  __TI_zero_init_nomemset                  
000016ed  GPIOPinTypeGPIOOutput                    
00001707  UARTIntRegister                          
0000171f  GPIOPinTypeUART                          
00001735  UARTEnable                               
00001749  IntMasterEnable                          
00001759  UARTCharGetNonBlocking                   
00001767  UARTCharPutNonBlocking                   
00001775  UARTCharsAvail                           
00001783  UARTSpaceAvail                           
00001791  CPUcpsie                                 
0000179d  ResetISR                                 
000017a9  UARTCharPut                              
000017b3  UARTIntStatus                            
000017bd  I2CMasterBusy                            
000017c5  I2CMasterSlaveAddrSet                    
000017cd  UARTIntEnable                            
000017d5  SysCtlDelay                              
000017db  I2CMasterControl                         
000017df  I2CMasterDataGet                         
000017e3  I2CMasterDataPut                         
000017e7  UARTIntClear                             
000017eb  _system_pre_init                         
000017ef  C$$EXIT                                  
000017ef  abort                                    
000019a0  __TI_Handler_Table_Base                  
000019a4  __TI_CINIT_Base                          
000019a4  __TI_Handler_Table_Limit                 
000019ac  __TI_CINIT_Limit                         
20000000  __start___llvm_prf_cnts                  
20000000  __stop___llvm_prf_cnts                   
20000000  g_pfnRAMVectors                          
20000270  __stack                                  
20000470  __STACK_END                              
20000470  __STACK_TOP                              
ffffffff  __TI_pprof_out_hndl                      
ffffffff  __TI_prof_data_size                      
ffffffff  __TI_prof_data_start                     
ffffffff  __binit__                                
ffffffff  __c_args__                               
ffffffff  binit                                    
UNDEFED   __mpu_init                               
UNDEFED   _system_post_cinit                       

[90 symbols]
